Archive member included to satisfy reference by file (symbol)

/Users/cole/.pico-sdk/toolchain/14_2_Rel1/bin/../lib/gcc/arm-none-eabi/14.2.1/../../../../arm-none-eabi/lib/thumb/v8-m.main+fp/softfp/libm.a(libm_a-wf_sqrt.o)
                              CMakeFiles/pico_uart_bridge.dir/Users/cole/.pico-sdk/sdk/2.2.0/src/rp2_common/pico_float/float_math.c.o (sqrtf)
/Users/cole/.pico-sdk/toolchain/14_2_Rel1/bin/../lib/gcc/arm-none-eabi/14.2.1/../../../../arm-none-eabi/lib/thumb/v8-m.main+fp/softfp/libm.a(libm_a-ef_sqrt.o)
                              /Users/cole/.pico-sdk/toolchain/14_2_Rel1/bin/../lib/gcc/arm-none-eabi/14.2.1/../../../../arm-none-eabi/lib/thumb/v8-m.main+fp/softfp/libm.a(libm_a-wf_sqrt.o) (__ieee754_sqrtf)
/Users/cole/.pico-sdk/toolchain/14_2_Rel1/bin/../lib/gcc/arm-none-eabi/14.2.1/thumb/v8-m.main+fp/softfp/libgcc.a(_arm_addsubdf3.o)
                              CMakeFiles/pico_uart_bridge.dir/Users/cole/.pico-sdk/sdk/2.2.0/src/rp2_common/pico_float/float_math.c.o (__aeabi_f2d)
/Users/cole/.pico-sdk/toolchain/14_2_Rel1/bin/../lib/gcc/arm-none-eabi/14.2.1/thumb/v8-m.main+fp/softfp/libgcc.a(_aeabi_ldivmod.o)
                              CMakeFiles/pico_uart_bridge.dir/Users/cole/.pico-sdk/sdk/2.2.0/src/common/pico_time/time.c.o (__aeabi_ldivmod)
/Users/cole/.pico-sdk/toolchain/14_2_Rel1/bin/../lib/gcc/arm-none-eabi/14.2.1/thumb/v8-m.main+fp/softfp/libgcc.a(_aeabi_uldivmod.o)
                              CMakeFiles/pico_uart_bridge.dir/Users/cole/.pico-sdk/sdk/2.2.0/src/rp2_common/hardware_clocks/clocks.c.o (__aeabi_uldivmod)
/Users/cole/.pico-sdk/toolchain/14_2_Rel1/bin/../lib/gcc/arm-none-eabi/14.2.1/thumb/v8-m.main+fp/softfp/libgcc.a(_udivmoddi4.o)
                              /Users/cole/.pico-sdk/toolchain/14_2_Rel1/bin/../lib/gcc/arm-none-eabi/14.2.1/thumb/v8-m.main+fp/softfp/libgcc.a(_aeabi_ldivmod.o) (__udivmoddi4)
/Users/cole/.pico-sdk/toolchain/14_2_Rel1/bin/../lib/gcc/arm-none-eabi/14.2.1/thumb/v8-m.main+fp/softfp/libgcc.a(_dvmd_tls.o)
                              /Users/cole/.pico-sdk/toolchain/14_2_Rel1/bin/../lib/gcc/arm-none-eabi/14.2.1/thumb/v8-m.main+fp/softfp/libgcc.a(_aeabi_ldivmod.o) (__aeabi_ldiv0)
/Users/cole/.pico-sdk/toolchain/14_2_Rel1/bin/../lib/gcc/arm-none-eabi/14.2.1/../../../../arm-none-eabi/lib/thumb/v8-m.main+fp/softfp/libg.a(libc_a-calloc.o)
                              CMakeFiles/pico_uart_bridge.dir/Users/cole/.pico-sdk/sdk/2.2.0/src/rp2_common/pico_malloc/malloc.c.o (calloc)
/Users/cole/.pico-sdk/toolchain/14_2_Rel1/bin/../lib/gcc/arm-none-eabi/14.2.1/../../../../arm-none-eabi/lib/thumb/v8-m.main+fp/softfp/libg.a(libc_a-callocr.o)
                              /Users/cole/.pico-sdk/toolchain/14_2_Rel1/bin/../lib/gcc/arm-none-eabi/14.2.1/../../../../arm-none-eabi/lib/thumb/v8-m.main+fp/softfp/libg.a(libc_a-calloc.o) (_calloc_r)
/Users/cole/.pico-sdk/toolchain/14_2_Rel1/bin/../lib/gcc/arm-none-eabi/14.2.1/../../../../arm-none-eabi/lib/thumb/v8-m.main+fp/softfp/libg.a(libc_a-malloc.o)
                              CMakeFiles/pico_uart_bridge.dir/Users/cole/.pico-sdk/sdk/2.2.0/src/rp2_common/pico_malloc/malloc.c.o (malloc)
/Users/cole/.pico-sdk/toolchain/14_2_Rel1/bin/../lib/gcc/arm-none-eabi/14.2.1/../../../../arm-none-eabi/lib/thumb/v8-m.main+fp/softfp/libg.a(libc_a-mallocr.o)
                              /Users/cole/.pico-sdk/toolchain/14_2_Rel1/bin/../lib/gcc/arm-none-eabi/14.2.1/../../../../arm-none-eabi/lib/thumb/v8-m.main+fp/softfp/libg.a(libc_a-callocr.o) (_malloc_r)
/Users/cole/.pico-sdk/toolchain/14_2_Rel1/bin/../lib/gcc/arm-none-eabi/14.2.1/../../../../arm-none-eabi/lib/thumb/v8-m.main+fp/softfp/libg.a(libc_a-mlock.o)
                              /Users/cole/.pico-sdk/toolchain/14_2_Rel1/bin/../lib/gcc/arm-none-eabi/14.2.1/../../../../arm-none-eabi/lib/thumb/v8-m.main+fp/softfp/libg.a(libc_a-mallocr.o) (__malloc_lock)
/Users/cole/.pico-sdk/toolchain/14_2_Rel1/bin/../lib/gcc/arm-none-eabi/14.2.1/../../../../arm-none-eabi/lib/thumb/v8-m.main+fp/softfp/libg.a(libc_a-realloc.o)
                              CMakeFiles/pico_uart_bridge.dir/Users/cole/.pico-sdk/sdk/2.2.0/src/rp2_common/pico_malloc/malloc.c.o (realloc)
/Users/cole/.pico-sdk/toolchain/14_2_Rel1/bin/../lib/gcc/arm-none-eabi/14.2.1/../../../../arm-none-eabi/lib/thumb/v8-m.main+fp/softfp/libg.a(libc_a-reallocr.o)
                              /Users/cole/.pico-sdk/toolchain/14_2_Rel1/bin/../lib/gcc/arm-none-eabi/14.2.1/../../../../arm-none-eabi/lib/thumb/v8-m.main+fp/softfp/libg.a(libc_a-realloc.o) (_realloc_r)
/Users/cole/.pico-sdk/toolchain/14_2_Rel1/bin/../lib/gcc/arm-none-eabi/14.2.1/../../../../arm-none-eabi/lib/thumb/v8-m.main+fp/softfp/libg.a(libc_a-memcmp.o)
                              CMakeFiles/pico_uart_bridge.dir/Users/cole/.pico-sdk/sdk/2.2.0/src/rp2_common/pico_atomic/atomic.c.o (memcmp)
/Users/cole/.pico-sdk/toolchain/14_2_Rel1/bin/../lib/gcc/arm-none-eabi/14.2.1/../../../../arm-none-eabi/lib/thumb/v8-m.main+fp/softfp/libg.a(libc_a-memmove.o)
[...]
Memory Configuration

Name             Origin             Length             Attributes
FLASH            0x10000000         0x00400000         xr
RAM              0x20000000         0x00080000         xrw
SCRATCH_X        0x20080000         0x00001000         xrw
SCRATCH_Y        0x20081000         0x00001000         xrw
*default*        0x00000000         0xffffffff

Linker script and memory map

LOAD /Users/cole/.pico-sdk/toolchain/14_2_Rel1/bin/../lib/gcc/arm-none-eabi/14.2.1/thumb/v8-m.main+fp/softfp/crti.o
LOAD /Users/cole/.pico-sdk/toolchain/14_2_Rel1/bin/../lib/gcc/arm-none-eabi/14.2.1/thumb/v8-m.main+fp/softfp/crtbegin.o
LOAD /Users/cole/.pico-sdk/toolchain/14_2_Rel1/bin/../lib/gcc/arm-none-eabi/14.2.1/../../../../arm-none-eabi/lib/thumb/v8-m.main+fp/softfp/crt0.o

.flash_begin    0x10000000        0x0
                0x10000000                        __flash_binary_start = .

.text           0x10000000     0x3918
                0x10000000                        __logical_binary_start = .
 *(.vectors)
 .vectors       0x10000000      0x124 CMakeFiles/pico_uart_bridge.dir/Users/cole/.pico-sdk/sdk/2.2.0/src/rp2_common/pico_crt0/crt0.S.o
                0x10000000                __VECTOR_TABLE
                0x10000000                __vectors
                0x10000110                __unhandled_user_irq
                0x10000110                isr_irq49
                0x10000110                isr_irq13
                0x10000110                isr_irq43
                0x10000110                isr_irq45
                0x10000110                isr_irq27
                0x10000110                isr_irq32
                0x10000110                isr_irq31
                0x10000110                isr_irq5
                0x10000110                isr_irq11
                0x10000110                isr_irq23
                0x10000110                isr_usagefault
                0x10000110                isr_irq48
                0x10000110                isr_irq35
                0x10000110                isr_irq18
                0x10000110                isr_irq50
                0x10000110                isr_irq9
                0x10000110                isr_irq30
                0x10000110                isr_irq16
                0x10000110                isr_irq44
                0x10000110                isr_irq29
                0x10000110                isr_irq26
                0x10000110                isr_irq33
                0x10000110                isr_irq3
                0x10000110                isr_irq12
                0x10000110                isr_securefault
                0x10000110                isr_irq40
                0x10000110                isr_irq28
                0x10000110                isr_irq19
                0x10000110                isr_irq36
                0x10000110                isr_irq41
                0x10000110                isr_irq0
                0x10000110                isr_irq6
                0x10000110                isr_memmanage
                0x10000110                isr_irq37
                0x10000110                isr_irq42
                0x10000110                isr_irq22
                0x10000110                isr_irq17
                0x10000110                isr_irq38
                0x10000110                isr_irq14
                0x10000110                __vectors_end
                0x10000110                __default_isrs_start
                0x10000110                isr_irq2
                0x10000110                isr_irq10
                0x10000110                isr_irq8
                0x10000110                isr_debugmonitor
                0x10000110                isr_irq24
                0x10000110                isr_irq46
                0x10000110                isr_irq1
                0x10000110                isr_irq47
                0x10000110                isr_irq51
                0x10000110                isr_irq7
                0x10000110                isr_irq21
                0x10000110                isr_irq39
                0x10000110                isr_irq20
                0x10000110                isr_irq15
                0x10000110                isr_irq25
                0x10000110                isr_irq34
                0x10000110                isr_irq4
                0x10000110                isr_busfault
                0x10000116                unhandled_user_irq_num_in_r0
                0x10000118                isr_invalid
                0x1000011a                isr_nmi
                0x1000011c                isr_hardfault
                0x1000011e                isr_svcall
                0x10000120                isr_pendsv
                0x10000122                isr_systick
                0x10000124                __default_isrs_end
 *(.binary_info_header)
 .binary_info_header
                0x10000124       0x14 CMakeFiles/pico_uart_bridge.dir/Users/cole/.pico-sdk/sdk/2.2.0/src/rp2_common/pico_crt0/crt0.S.o
                0x10000138                        __binary_info_header_end = .
 *(.embedded_block)
 .embedded_block
                0x10000138       0x14 CMakeFiles/pico_uart_bridge.dir/Users/cole/.pico-sdk/sdk/2.2.0/src/rp2_common/pico_crt0/crt0.S.o
                0x1000014c                        __embedded_block_end = .
 *(.reset)
 .reset         0x1000014c       0x98 CMakeFiles/pico_uart_bridge.dir/Users/cole/.pico-sdk/sdk/2.2.0/src/rp2_common/pico_crt0/crt0.S.o
                0x1000014c                _entry_point
 *(.init)
 .init          0x100001e4        0x4 /Users/cole/.pico-sdk/toolchain/14_2_Rel1/bin/../lib/gcc/arm-none-eabi/14.2.1/thumb/v8-m.main+fp/softfp/crti.o
                0x100001e4                _init
 *libgcc.a:cmse_nonsecure_call.o()
 *(EXCLUDE_FILE(*libm.a: *libc.a:*lib_a-mem*.o *libgcc.a:) .text*)
 .text.register_tm_clones
                0x100001e8       0x28 /Users/cole/.pico-sdk/toolchain/14_2_Rel1/bin/../lib/gcc/arm-none-eabi/14.2.1/thumb/v8-m.main+fp/softfp/crtbegin.o
 .text.frame_dummy
                0x10000210       0x24 /Users/cole/.pico-sdk/toolchain/14_2_Rel1/bin/../lib/gcc/arm-none-eabi/14.2.1/thumb/v8-m.main+fp/softfp/crtbegin.o
 .text.startup.main
                0x10000234      0x1b8 CMakeFiles/pico_uart_bridge.dir/main.c.o
                0x10000234                main
 .text.tud_descriptor_device_cb
                0x100003ec        0x8 CMakeFiles/pico_uart_bridge.dir/usb_descriptors.c.o
                0x100003ec                tud_descriptor_device_cb
 .text.tud_descriptor_configuration_cb
                0x100003f4        0x8 CMakeFiles/pico_uart_bridge.dir/usb_descriptors.c.o
                0x100003f4                tud_descriptor_configuration_cb
 .text.tud_descriptor_string_cb
                0x100003fc      0x188 CMakeFiles/pico_uart_bridge.dir/usb_descriptors.c.o
                0x100003fc                tud_descriptor_string_cb
 .text.gpio_set_function
                0x10000584       0x3c CMakeFiles/pico_uart_bridge.dir/Users/cole/.pico-sdk/sdk/2.2.0/src/rp2_common/hardware_gpio/gpio.c.o
                0x10000584                gpio_set_function
 .text.gpio_init
                0x100005c0       0x48 CMakeFiles/pico_uart_bridge.dir/Users/cole/.pico-sdk/sdk/2.2.0/src/rp2_common/hardware_gpio/gpio.c.o
                0x100005c0                gpio_init
 .text.panic    0x10000608       0x30 CMakeFiles/pico_uart_bridge.dir/Users/cole/.pico-sdk/sdk/2.2.0/src/rp2_common/pico_platform_panic/panic.c.o
                0x10000608                panic
 .text.hw_claim_or_assert
                0x10000638       0x58 CMakeFiles/pico_uart_bridge.dir/Users/cole/.pico-sdk/sdk/2.2.0/src/common/hardware_claim/claim.c.o
                0x10000638                hw_claim_or_assert
 .text.hw_claim_unused_from_range
                0x10000690       0x80 CMakeFiles/pico_uart_bridge.dir/Users/cole/.pico-sdk/sdk/2.2.0/src/common/hardware_claim/claim.c.o
                0x10000690                hw_claim_unused_from_range
 .text.next_striped_spin_lock_num
                0x10000710       0x18 CMakeFiles/pico_uart_bridge.dir/Users/cole/.pico-sdk/sdk/2.2.0/src/rp2_common/hardware_sync/sync.c.o
                0x10000710                next_striped_spin_lock_num
 .text.spin_lock_claim_unused
                0x10000728       0x20 CMakeFiles/pico_uart_bridge.dir/Users/cole/.pico-sdk/sdk/2.2.0/src/rp2_common/hardware_sync/sync.c.o
                0x10000728                spin_lock_claim_unused
 .text.spinlock_set_extexclall
                0x10000748       0x10 CMakeFiles/pico_uart_bridge.dir/Users/cole/.pico-sdk/sdk/2.2.0/src/rp2_common/hardware_sync_spin_lock/sync_spin_lock.c.o
 .text.spin_locks_reset
                0x10000758       0x18 CMakeFiles/pico_uart_bridge.dir/Users/cole/.pico-sdk/sdk/2.2.0/src/rp2_common/hardware_sync_spin_lock/sync_spin_lock.c.o
                0x10000758                spin_locks_reset
 .text.runtime_init_per_core_irq_priorities
                0x10000770       0x40 CMakeFiles/pico_uart_bridge.dir/Users/cole/.pico-sdk/sdk/2.2.0/src/rp2_common/hardware_irq/irq.c.o
                0x10000770                runtime_init_per_core_irq_priorities
 .text.irq_set_enabled
                0x100007b0       0x2c CMakeFiles/pico_uart_bridge.dir/Users/cole/.pico-sdk/sdk/2.2.0/src/rp2_common/hardware_irq/irq.c.o
                0x100007b0                irq_set_enabled
 .text.irq_set_exclusive_handler
                0x100007dc       0x60 CMakeFiles/pico_uart_bridge.dir/Users/cole/.pico-sdk/sdk/2.2.0/src/rp2_common/hardware_irq/irq.c.o
                0x100007dc                irq_set_exclusive_handler
 .text.irq_add_shared_handler
                0x1000083c      0x1e8 CMakeFiles/pico_uart_bridge.dir/Users/cole/.pico-sdk/sdk/2.2.0/src/rp2_common/hardware_irq/irq.c.o
                0x1000083c                irq_add_shared_handler
 .text.irq_add_tail_to_free_list
                0x10000a24       0xbc CMakeFiles/pico_uart_bridge.dir/Users/cole/.pico-sdk/sdk/2.2.0/src/rp2_common/hardware_irq/irq.c.o
                0x10000a24                irq_add_tail_to_free_list
 .text.lock_init
                0x10000ae0        0xc CMakeFiles/pico_uart_bridge.dir/Users/cole/.pico-sdk/sdk/2.2.0/src/common/pico_sync/lock_core.c.o
                0x10000ae0                lock_init
 .text.runtime_init_mutex
                0x10000aec       0x4c CMakeFiles/pico_uart_bridge.dir/Users/cole/.pico-sdk/sdk/2.2.0/src/common/pico_sync/mutex.c.o
                0x10000aec                runtime_init_mutex
 .text.mutex_init
                0x10000b38       0x1c CMakeFiles/pico_uart_bridge.dir/Users/cole/.pico-sdk/sdk/2.2.0/src/common/pico_sync/mutex.c.o
                0x10000b38                mutex_init
 .text.critical_section_init
                0x10000b54       0x1c CMakeFiles/pico_uart_bridge.dir/Users/cole/.pico-sdk/sdk/2.2.0/src/common/pico_sync/critical_section.c.o
                0x10000b54                critical_section_init
 .text.sleep_until_callback
                0x10000b70       0x3c CMakeFiles/pico_uart_bridge.dir/Users/cole/.pico-sdk/sdk/2.2.0/src/common/pico_time/time.c.o
 *fill*         0x10000bac        0x4 
 .text.alarm_pool_irq_handler
                0x10000bb0      0x2f0 CMakeFiles/pico_uart_bridge.dir/Users/cole/.pico-sdk/sdk/2.2.0/src/common/pico_time/time.c.o
 .text.runtime_init_default_alarm_pool
                0x10000ea0      0x100 CMakeFiles/pico_uart_bridge.dir/Users/cole/.pico-sdk/sdk/2.2.0/src/common/pico_time/time.c.o
                0x10000ea0                runtime_init_default_alarm_pool
 .text.alarm_pool_add_alarm_at_force_in_context
                0x10000fa0       0xc8 CMakeFiles/pico_uart_bridge.dir/Users/cole/.pico-sdk/sdk/2.2.0/src/common/pico_time/time.c.o
                0x10000fa0                alarm_pool_add_alarm_at_force_in_context
 .text.alarm_pool_cancel_alarm
                0x10001068       0x80 CMakeFiles/pico_uart_bridge.dir/Users/cole/.pico-sdk/sdk/2.2.0/src/common/pico_time/time.c.o
                0x10001068                alarm_pool_cancel_alarm
 .text.best_effort_wfe_or_timeout
                0x100010e8       0xd4 CMakeFiles/pico_uart_bridge.dir/Users/cole/.pico-sdk/sdk/2.2.0/src/common/pico_time/time.c.o
                0x100010e8                best_effort_wfe_or_timeout
 .text.timer_hardware_alarm_claim
                0x100011bc       0x24 CMakeFiles/pico_uart_bridge.dir/Users/cole/.pico-sdk/sdk/2.2.0/src/rp2_common/hardware_timer/timer.c.o
                0x100011bc                timer_hardware_alarm_claim
 .text.timer_time_us_64
                0x100011e0       0x10 CMakeFiles/pico_uart_bridge.dir/Users/cole/.pico-sdk/sdk/2.2.0/src/rp2_common/hardware_timer/timer.c.o
                0x100011e0                timer_time_us_64
 .text.time_us_64
                0x100011f0       0x14 CMakeFiles/pico_uart_bridge.dir/Users/cole/.pico-sdk/sdk/2.2.0/src/rp2_common/hardware_timer/timer.c.o
                0x100011f0                time_us_64
 .text.busy_wait_us
                0x10001204       0x5c CMakeFiles/pico_uart_bridge.dir/Users/cole/.pico-sdk/sdk/2.2.0/src/rp2_common/hardware_timer/timer.c.o
                0x10001204                busy_wait_us
 .text.uart_init
                0x10001260      0x104 CMakeFiles/pico_uart_bridge.dir/Users/cole/.pico-sdk/sdk/2.2.0/src/rp2_common/hardware_uart/uart.c.o
                0x10001260                uart_init
 .text.uart_set_format
                0x10001364       0x70 CMakeFiles/pico_uart_bridge.dir/Users/cole/.pico-sdk/sdk/2.2.0/src/rp2_common/hardware_uart/uart.c.o
                0x10001364                uart_set_format
 .text.clock_configure_undivided
                0x100013d4       0xd0 CMakeFiles/pico_uart_bridge.dir/Users/cole/.pico-sdk/sdk/2.2.0/src/rp2_common/hardware_clocks/clocks.c.o
                0x100013d4                clock_configure_undivided
 .text.clock_get_hz
                0x100014a4        0xc CMakeFiles/pico_uart_bridge.dir/Users/cole/.pico-sdk/sdk/2.2.0/src/rp2_common/hardware_clocks/clocks.c.o
                0x100014a4                clock_get_hz
 .text.pll_init
                0x100014b0       0x8c CMakeFiles/pico_uart_bridge.dir/Users/cole/.pico-sdk/sdk/2.2.0/src/rp2_common/hardware_pll/pll.c.o
                0x100014b0                pll_init
 .text.tick_start
                0x1000153c       0x18 CMakeFiles/pico_uart_bridge.dir/Users/cole/.pico-sdk/sdk/2.2.0/src/rp2_common/hardware_ticks/ticks.c.o
                0x1000153c                tick_start
 .text.rom_func_lookup
                0x10001554       0x18 CMakeFiles/pico_uart_bridge.dir/Users/cole/.pico-sdk/sdk/2.2.0/src/rp2_common/pico_bootrom/bootrom.c.o
                0x10001554                rom_func_lookup
 .text.runtime_init_bootrom_locking_enable
                0x1000156c       0x14 CMakeFiles/pico_uart_bridge.dir/Users/cole/.pico-sdk/sdk/2.2.0/src/rp2_common/pico_bootrom/bootrom_lock.c.o
                0x1000156c                runtime_init_bootrom_locking_enable
 .text.runtime_init_boot_locks_reset
                0x10001580       0x1c CMakeFiles/pico_uart_bridge.dir/Users/cole/.pico-sdk/sdk/2.2.0/src/rp2_common/hardware_boot_lock/boot_lock.c.o
                0x10001580                runtime_init_boot_locks_reset
 .text.xosc_init
                0x1000159c       0x30 CMakeFiles/pico_uart_bridge.dir/Users/cole/.pico-sdk/sdk/2.2.0/src/rp2_common/hardware_xosc/xosc.c.o
                0x1000159c                xosc_init
 .text.first_per_core_initializer
                0x100015cc        0x4 CMakeFiles/pico_uart_bridge.dir/Users/cole/.pico-sdk/sdk/2.2.0/src/rp2_common/pico_runtime/runtime.c.o
 .text.hard_assertion_failure
                0x100015d0        0xc CMakeFiles/pico_uart_bridge.dir/Users/cole/.pico-sdk/sdk/2.2.0/src/rp2_common/pico_runtime/runtime.c.o
                0x100015d0                hard_assertion_failure
 .text.runtime_run_initializers
                0x100015dc       0x20 CMakeFiles/pico_uart_bridge.dir/Users/cole/.pico-sdk/sdk/2.2.0/src/rp2_common/pico_runtime/runtime.c.o
                0x100015dc                runtime_run_initializers
 .text.runtime_init_early_resets
                0x100015fc       0x34 CMakeFiles/pico_uart_bridge.dir/Users/cole/.pico-sdk/sdk/2.2.0/src/rp2_common/pico_runtime_init/runtime_init.c.o
                0x100015fc                runtime_init_early_resets
 .text.runtime_init_usb_power_down
                0x10001630       0x1c CMakeFiles/pico_uart_bridge.dir/Users/cole/.pico-sdk/sdk/2.2.0/src/rp2_common/pico_runtime_init/runtime_init.c.o
                0x10001630                runtime_init_usb_power_down
 .text.runtime_init_per_core_enable_coprocessors
                0x1000164c       0x1c CMakeFiles/pico_uart_bridge.dir/Users/cole/.pico-sdk/sdk/2.2.0/src/rp2_common/pico_runtime_init/runtime_init.c.o
                0x1000164c                runtime_init_per_core_enable_coprocessors
 .text.runtime_init_post_clock_resets
                0x10001668       0x20 CMakeFiles/pico_uart_bridge.dir/Users/cole/.pico-sdk/sdk/2.2.0/src/rp2_common/pico_runtime_init/runtime_init.c.o
                0x10001668                runtime_init_post_clock_resets
 .text.runtime_init_bootrom_reset
                0x10001688       0x14 CMakeFiles/pico_uart_bridge.dir/Users/cole/.pico-sdk/sdk/2.2.0/src/rp2_common/pico_runtime_init/runtime_init.c.o
                0x10001688                runtime_init_bootrom_reset
 .text.runtime_init_per_core_bootrom_reset
                0x1000169c       0x14 CMakeFiles/pico_uart_bridge.dir/Users/cole/.pico-sdk/sdk/2.2.0/src/rp2_common/pico_runtime_init/runtime_init.c.o
                0x1000169c                runtime_init_per_core_bootrom_reset
 .text.runtime_init_spin_locks_reset
                0x100016b0        0x4 CMakeFiles/pico_uart_bridge.dir/Users/cole/.pico-sdk/sdk/2.2.0/src/rp2_common/pico_runtime_init/runtime_init.c.o
                0x100016b0                runtime_init_spin_locks_reset
 .text.runtime_init_install_ram_vector_table
                0x100016b4       0x68 CMakeFiles/pico_uart_bridge.dir/Users/cole/.pico-sdk/sdk/2.2.0/src/rp2_common/pico_runtime_init/runtime_init.c.o
                0x100016b4                runtime_init_install_ram_vector_table
 .text.runtime_init_clocks
                0x1000171c       0xdc CMakeFiles/pico_uart_bridge.dir/Users/cole/.pico-sdk/sdk/2.2.0/src/rp2_common/pico_runtime_init/runtime_init_clocks.c.o
                0x1000171c                runtime_init_clocks
 .text._out_char
                0x100017f8        0x8 CMakeFiles/pico_uart_bridge.dir/Users/cole/.pico-sdk/sdk/2.2.0/src/rp2_common/pico_printf/printf.c.o
 .text.weak_raw_vprintf
                0x10001800       0x30 CMakeFiles/pico_uart_bridge.dir/Users/cole/.pico-sdk/sdk/2.2.0/src/rp2_common/pico_printf/printf.c.o
                0x10001800                weak_raw_vprintf
 .text._exit    0x10001830        0x4 CMakeFiles/pico_uart_bridge.dir/Users/cole/.pico-sdk/sdk/2.2.0/src/rp2_common/pico_clib_interface/newlib_interface.c.o
                0x10001830                _exit
 .text.exit     0x10001834        0x8 CMakeFiles/pico_uart_bridge.dir/Users/cole/.pico-sdk/sdk/2.2.0/src/rp2_common/pico_clib_interface/newlib_interface.c.o
                0x10001834                exit
 .text.runtime_init
                0x1000183c       0x24 CMakeFiles/pico_uart_bridge.dir/Users/cole/.pico-sdk/sdk/2.2.0/src/rp2_common/pico_clib_interface/newlib_interface.c.o
                0x1000183c                runtime_init
 .text.stdio_out_chars_no_crlf
                0x10001860        0x8 CMakeFiles/pico_uart_bridge.dir/Users/cole/.pico-sdk/sdk/2.2.0/src/rp2_common/pico_stdio/stdio.c.o
 .text.stdio_out_chars_crlf
                0x10001868       0xb0 CMakeFiles/pico_uart_bridge.dir/Users/cole/.pico-sdk/sdk/2.2.0/src/rp2_common/pico_stdio/stdio.c.o
 .text.stdio_put_string
                0x10001918       0xec CMakeFiles/pico_uart_bridge.dir/Users/cole/.pico-sdk/sdk/2.2.0/src/rp2_common/pico_stdio/stdio.c.o
                0x10001918                stdio_put_string
 .text.__wrap_putchar
                0x10001a04       0x84 CMakeFiles/pico_uart_bridge.dir/Users/cole/.pico-sdk/sdk/2.2.0/src/rp2_common/pico_stdio/stdio.c.o
                0x10001a04                stdio_putchar
                0x10001a04                __wrap_putchar
 .text.__wrap_puts
                0x10001a88       0x3c CMakeFiles/pico_uart_bridge.dir/Users/cole/.pico-sdk/sdk/2.2.0/src/rp2_common/pico_stdio/stdio.c.o
                0x10001a88                __wrap_puts
                0x10001a88                stdio_puts
 .text.startup._retrieve_unique_id_on_boot
                0x10001ac4       0x30 CMakeFiles/pico_uart_bridge.dir/Users/cole/.pico-sdk/sdk/2.2.0/src/rp2_common/pico_unique_id/unique_id.c.o
 .text.pico_get_unique_board_id
                0x10001af4       0x10 CMakeFiles/pico_uart_bridge.dir/Users/cole/.pico-sdk/sdk/2.2.0/src/rp2_common/pico_unique_id/unique_id.c.o
                0x10001af4                pico_get_unique_board_id
 .text.dcd_init
                0x10001b04       0x8c CMakeFiles/pico_uart_bridge.dir/Users/cole/.pico-sdk/sdk/2.2.0/lib/tinyusb/src/portable/raspberrypi/rp2040/dcd_rp2040.c.o
                0x10001b04                dcd_init
 .text.dcd_int_enable
                0x10001b90        0x8 CMakeFiles/pico_uart_bridge.dir/Users/cole/.pico-sdk/sdk/2.2.0/lib/tinyusb/src/portable/raspberrypi/rp2040/dcd_rp2040.c.o
                0x10001b90                dcd_int_enable
 .text.dcd_set_address
                0x10001b98       0x10 CMakeFiles/pico_uart_bridge.dir/Users/cole/.pico-sdk/sdk/2.2.0/lib/tinyusb/src/portable/raspberrypi/rp2040/dcd_rp2040.c.o
                0x10001b98                dcd_set_address
 .text.dcd_sof_enable
                0x10001ba8       0x1c CMakeFiles/pico_uart_bridge.dir/Users/cole/.pico-sdk/sdk/2.2.0/lib/tinyusb/src/portable/raspberrypi/rp2040/dcd_rp2040.c.o
                0x10001ba8                dcd_sof_enable
 .text.dcd_edpt0_status_complete
                0x10001bc4       0x1c CMakeFiles/pico_uart_bridge.dir/Users/cole/.pico-sdk/sdk/2.2.0/lib/tinyusb/src/portable/raspberrypi/rp2040/dcd_rp2040.c.o
                0x10001bc4                dcd_edpt0_status_complete
 .text.dcd_edpt_open
                0x10001be0      0x104 CMakeFiles/pico_uart_bridge.dir/Users/cole/.pico-sdk/sdk/2.2.0/lib/tinyusb/src/portable/raspberrypi/rp2040/dcd_rp2040.c.o
                0x10001be0                dcd_edpt_open
 .text.dcd_edpt_close_all
                0x10001ce4        0x4 CMakeFiles/pico_uart_bridge.dir/Users/cole/.pico-sdk/sdk/2.2.0/lib/tinyusb/src/portable/raspberrypi/rp2040/dcd_rp2040.c.o
                0x10001ce4                dcd_edpt_close_all
 .text.dcd_edpt_xfer
                0x10001ce8       0x28 CMakeFiles/pico_uart_bridge.dir/Users/cole/.pico-sdk/sdk/2.2.0/lib/tinyusb/src/portable/raspberrypi/rp2040/dcd_rp2040.c.o
                0x10001ce8                dcd_edpt_xfer
 .text.dcd_edpt_stall
                0x10001d10       0x30 CMakeFiles/pico_uart_bridge.dir/Users/cole/.pico-sdk/sdk/2.2.0/lib/tinyusb/src/portable/raspberrypi/rp2040/dcd_rp2040.c.o
                0x10001d10                dcd_edpt_stall
 .text.dcd_edpt_clear_stall
                0x10001d40       0x24 CMakeFiles/pico_uart_bridge.dir/Users/cole/.pico-sdk/sdk/2.2.0/lib/tinyusb/src/portable/raspberrypi/rp2040/dcd_rp2040.c.o
                0x10001d40                dcd_edpt_clear_stall
 .text.rp2040_usb_init
                0x10001d64       0x40 CMakeFiles/pico_uart_bridge.dir/Users/cole/.pico-sdk/sdk/2.2.0/lib/tinyusb/src/portable/raspberrypi/rp2040/rp2040_usb.c.o
                0x10001d64                rp2040_usb_init
 .text.hw_endpoint_xfer_start
                0x10001da4       0x40 CMakeFiles/pico_uart_bridge.dir/Users/cole/.pico-sdk/sdk/2.2.0/lib/tinyusb/src/portable/raspberrypi/rp2040/rp2040_usb.c.o
                0x10001da4                hw_endpoint_xfer_start
 .text.tud_vendor_control_xfer_cb
                0x10001de4        0x4 CMakeFiles/pico_uart_bridge.dir/Users/cole/.pico-sdk/sdk/2.2.0/lib/tinyusb/src/device/usbd.c.o
                0x10001de4                tud_vendor_control_xfer_cb
 .text.configuration_reset
                0x10001de8       0x8c CMakeFiles/pico_uart_bridge.dir/Users/cole/.pico-sdk/sdk/2.2.0/lib/tinyusb/src/device/usbd.c.o
 .text.tud_event_hook_cb
                0x10001e74        0x4 CMakeFiles/pico_uart_bridge.dir/Users/cole/.pico-sdk/sdk/2.2.0/lib/tinyusb/src/device/usbd.c.o
                0x10001e74                tud_event_hook_cb
 .text.tud_sof_cb
                0x10001e78        0x4 CMakeFiles/pico_uart_bridge.dir/Users/cole/.pico-sdk/sdk/2.2.0/lib/tinyusb/src/device/usbd.c.o
                0x10001e78                tud_sof_cb
 .text.tud_descriptor_bos_cb
                0x10001e7c        0x4 CMakeFiles/pico_uart_bridge.dir/Users/cole/.pico-sdk/sdk/2.2.0/lib/tinyusb/src/device/usbd.c.o
                0x10001e7c                tud_descriptor_bos_cb
 .text.tud_descriptor_device_qualifier_cb
                0x10001e80        0x4 CMakeFiles/pico_uart_bridge.dir/Users/cole/.pico-sdk/sdk/2.2.0/lib/tinyusb/src/device/usbd.c.o
                0x10001e80                tud_descriptor_device_qualifier_cb
 .text.tud_descriptor_other_speed_configuration_cb
                0x10001e84        0x4 CMakeFiles/pico_uart_bridge.dir/Users/cole/.pico-sdk/sdk/2.2.0/lib/tinyusb/src/device/usbd.c.o
                0x10001e84                tud_descriptor_other_speed_configuration_cb
 .text.tud_mount_cb
                0x10001e88        0x4 CMakeFiles/pico_uart_bridge.dir/Users/cole/.pico-sdk/sdk/2.2.0/lib/tinyusb/src/device/usbd.c.o
                0x10001e88                tud_mount_cb
 .text.tud_umount_cb
                0x10001e8c        0x4 CMakeFiles/pico_uart_bridge.dir/Users/cole/.pico-sdk/sdk/2.2.0/lib/tinyusb/src/device/usbd.c.o
                0x10001e8c                tud_umount_cb
 .text.tud_suspend_cb
                0x10001e90        0x4 CMakeFiles/pico_uart_bridge.dir/Users/cole/.pico-sdk/sdk/2.2.0/lib/tinyusb/src/device/usbd.c.o
                0x10001e90                tud_suspend_cb
 .text.tud_resume_cb
                0x10001e94        0x4 CMakeFiles/pico_uart_bridge.dir/Users/cole/.pico-sdk/sdk/2.2.0/lib/tinyusb/src/device/usbd.c.o
                0x10001e94                tud_resume_cb
 .text.tud_mounted
                0x10001e98       0x10 CMakeFiles/pico_uart_bridge.dir/Users/cole/.pico-sdk/sdk/2.2.0/lib/tinyusb/src/device/usbd.c.o
                0x10001e98                tud_mounted
 .text.tud_suspended
                0x10001ea8       0x10 CMakeFiles/pico_uart_bridge.dir/Users/cole/.pico-sdk/sdk/2.2.0/lib/tinyusb/src/device/usbd.c.o
                0x10001ea8                tud_suspended
 .text.tud_rhport_init
                0x10001eb8       0xf4 CMakeFiles/pico_uart_bridge.dir/Users/cole/.pico-sdk/sdk/2.2.0/lib/tinyusb/src/device/usbd.c.o
                0x10001eb8                tud_rhport_init
 .text.tud_task_ext
                0x10001fac      0x760 CMakeFiles/pico_uart_bridge.dir/Users/cole/.pico-sdk/sdk/2.2.0/lib/tinyusb/src/device/usbd.c.o
                0x10001fac                tud_task_ext
 .text.usbd_open_edpt_pair
                0x1000270c       0x9c CMakeFiles/pico_uart_bridge.dir/Users/cole/.pico-sdk/sdk/2.2.0/lib/tinyusb/src/device/usbd.c.o
                0x1000270c                usbd_open_edpt_pair
 .text.usbd_edpt_open
                0x100027a8       0x44 CMakeFiles/pico_uart_bridge.dir/Users/cole/.pico-sdk/sdk/2.2.0/lib/tinyusb/src/device/usbd.c.o
                0x100027a8                usbd_edpt_open
 .text.usbd_edpt_claim
                0x100027ec       0x24 CMakeFiles/pico_uart_bridge.dir/Users/cole/.pico-sdk/sdk/2.2.0/lib/tinyusb/src/device/usbd.c.o
                0x100027ec                usbd_edpt_claim
 .text.usbd_edpt_release
                0x10002810       0x24 CMakeFiles/pico_uart_bridge.dir/Users/cole/.pico-sdk/sdk/2.2.0/lib/tinyusb/src/device/usbd.c.o
                0x10002810                usbd_edpt_release
 .text.usbd_edpt_xfer
                0x10002834       0x70 CMakeFiles/pico_uart_bridge.dir/Users/cole/.pico-sdk/sdk/2.2.0/lib/tinyusb/src/device/usbd.c.o
                0x10002834                usbd_edpt_xfer
 .text.tud_control_status
                0x100028a4       0x34 CMakeFiles/pico_uart_bridge.dir/Users/cole/.pico-sdk/sdk/2.2.0/lib/tinyusb/src/device/usbd_control.c.o
                0x100028a4                tud_control_status
 .text.tud_control_xfer
                0x100028d8       0xb0 CMakeFiles/pico_uart_bridge.dir/Users/cole/.pico-sdk/sdk/2.2.0/lib/tinyusb/src/device/usbd_control.c.o
                0x100028d8                tud_control_xfer
 .text.usbd_control_reset
                0x10002988       0x14 CMakeFiles/pico_uart_bridge.dir/Users/cole/.pico-sdk/sdk/2.2.0/lib/tinyusb/src/device/usbd_control.c.o
                0x10002988                usbd_control_reset
 .text.usbd_control_set_complete_callback
                0x1000299c        0xc CMakeFiles/pico_uart_bridge.dir/Users/cole/.pico-sdk/sdk/2.2.0/lib/tinyusb/src/device/usbd_control.c.o
                0x1000299c                usbd_control_set_complete_callback
 .text.usbd_control_set_request
                0x100029a8       0x1c CMakeFiles/pico_uart_bridge.dir/Users/cole/.pico-sdk/sdk/2.2.0/lib/tinyusb/src/device/usbd_control.c.o
                0x100029a8                usbd_control_set_request
 .text.usbd_control_xfer_cb
                0x100029c4      0x100 CMakeFiles/pico_uart_bridge.dir/Users/cole/.pico-sdk/sdk/2.2.0/lib/tinyusb/src/device/usbd_control.c.o
                0x100029c4                usbd_control_xfer_cb
 .text._prep_out_transaction.isra.0
                0x10002ac4       0x78 CMakeFiles/pico_uart_bridge.dir/Users/cole/.pico-sdk/sdk/2.2.0/lib/tinyusb/src/class/cdc/cdc_device.c.o
 .text.tud_cdc_n_connected
                0x10002b3c       0x2c CMakeFiles/pico_uart_bridge.dir/Users/cole/.pico-sdk/sdk/2.2.0/lib/tinyusb/src/class/cdc/cdc_device.c.o
                0x10002b3c                tud_cdc_n_connected
 .text.tud_cdc_n_available
                0x10002b68       0x18 CMakeFiles/pico_uart_bridge.dir/Users/cole/.pico-sdk/sdk/2.2.0/lib/tinyusb/src/class/cdc/cdc_device.c.o
                0x10002b68                tud_cdc_n_available
 .text.tud_cdc_n_read
                0x10002b80       0x94 CMakeFiles/pico_uart_bridge.dir/Users/cole/.pico-sdk/sdk/2.2.0/lib/tinyusb/src/class/cdc/cdc_device.c.o
                0x10002b80                tud_cdc_n_read
 .text.tud_cdc_n_write_flush
                0x10002c14       0x90 CMakeFiles/pico_uart_bridge.dir/Users/cole/.pico-sdk/sdk/2.2.0/lib/tinyusb/src/class/cdc/cdc_device.c.o
                0x10002c14                tud_cdc_n_write_flush
 .text.tud_cdc_n_write
                0x10002ca4       0x40 CMakeFiles/pico_uart_bridge.dir/Users/cole/.pico-sdk/sdk/2.2.0/lib/tinyusb/src/class/cdc/cdc_device.c.o
                0x10002ca4                tud_cdc_n_write
 .text.cdcd_init
                0x10002ce4       0x78 CMakeFiles/pico_uart_bridge.dir/Users/cole/.pico-sdk/sdk/2.2.0/lib/tinyusb/src/class/cdc/cdc_device.c.o
                0x10002ce4                cdcd_init
 .text.cdcd_deinit
                0x10002d5c       0x30 CMakeFiles/pico_uart_bridge.dir/Users/cole/.pico-sdk/sdk/2.2.0/lib/tinyusb/src/class/cdc/cdc_device.c.o
                0x10002d5c                cdcd_deinit
 .text.cdcd_reset
                0x10002d8c       0x4c CMakeFiles/pico_uart_bridge.dir/Users/cole/.pico-sdk/sdk/2.2.0/lib/tinyusb/src/class/cdc/cdc_device.c.o
                0x10002d8c                cdcd_reset
 .text.cdcd_open
                0x10002dd8       0xc0 CMakeFiles/pico_uart_bridge.dir/Users/cole/.pico-sdk/sdk/2.2.0/lib/tinyusb/src/class/cdc/cdc_device.c.o
                0x10002dd8                cdcd_open
 .text.cdcd_control_xfer_cb
                0x10002e98       0xc0 CMakeFiles/pico_uart_bridge.dir/Users/cole/.pico-sdk/sdk/2.2.0/lib/tinyusb/src/class/cdc/cdc_device.c.o
                0x10002e98                cdcd_control_xfer_cb
 .text.cdcd_xfer_cb
                0x10002f58       0xf8 CMakeFiles/pico_uart_bridge.dir/Users/cole/.pico-sdk/sdk/2.2.0/lib/tinyusb/src/class/cdc/cdc_device.c.o
                0x10002f58                cdcd_xfer_cb
 .text.tusb_rhport_init
                0x10003050       0x64 CMakeFiles/pico_uart_bridge.dir/Users/cole/.pico-sdk/sdk/2.2.0/lib/tinyusb/src/tusb.c.o
                0x10003050                tusb_rhport_init
 .text.tu_edpt_claim
                0x100030b4       0x54 CMakeFiles/pico_uart_bridge.dir/Users/cole/.pico-sdk/sdk/2.2.0/lib/tinyusb/src/tusb.c.o
                0x100030b4                tu_edpt_claim
 .text.tu_edpt_release
                0x10003108       0x38 CMakeFiles/pico_uart_bridge.dir/Users/cole/.pico-sdk/sdk/2.2.0/lib/tinyusb/src/tusb.c.o
                0x10003108                tu_edpt_release
 .text.tu_edpt_validate
                0x10003140       0x60 CMakeFiles/pico_uart_bridge.dir/Users/cole/.pico-sdk/sdk/2.2.0/lib/tinyusb/src/tusb.c.o
                0x10003140                tu_edpt_validate
 .text.tu_edpt_bind_driver
                0x100031a0       0x58 CMakeFiles/pico_uart_bridge.dir/Users/cole/.pico-sdk/sdk/2.2.0/lib/tinyusb/src/tusb.c.o
                0x100031a0                tu_edpt_bind_driver
 .text.tu_fifo_config
                0x100031f8       0x60 CMakeFiles/pico_uart_bridge.dir/Users/cole/.pico-sdk/sdk/2.2.0/lib/tinyusb/src/common/tusb_fifo.c.o
                0x100031f8                tu_fifo_config
 .text.tu_fifo_count
                0x10003258       0x20 CMakeFiles/pico_uart_bridge.dir/Users/cole/.pico-sdk/sdk/2.2.0/lib/tinyusb/src/common/tusb_fifo.c.o
                0x10003258                tu_fifo_count
 .text.tu_fifo_empty
                0x10003278       0x14 CMakeFiles/pico_uart_bridge.dir/Users/cole/.pico-sdk/sdk/2.2.0/lib/tinyusb/src/common/tusb_fifo.c.o
                0x10003278                tu_fifo_empty
 .text.tu_fifo_remaining
                0x1000328c       0x24 CMakeFiles/pico_uart_bridge.dir/Users/cole/.pico-sdk/sdk/2.2.0/lib/tinyusb/src/common/tusb_fifo.c.o
                0x1000328c                tu_fifo_remaining
 .text.tu_fifo_read
                0x100032b0       0x94 CMakeFiles/pico_uart_bridge.dir/Users/cole/.pico-sdk/sdk/2.2.0/lib/tinyusb/src/common/tusb_fifo.c.o
                0x100032b0                tu_fifo_read
 .text.tu_fifo_read_n
                0x10003344       0xd8 CMakeFiles/pico_uart_bridge.dir/Users/cole/.pico-sdk/sdk/2.2.0/lib/tinyusb/src/common/tusb_fifo.c.o
                0x10003344                tu_fifo_read_n
 .text.tu_fifo_write
                0x1000341c       0xa4 CMakeFiles/pico_uart_bridge.dir/Users/cole/.pico-sdk/sdk/2.2.0/lib/tinyusb/src/common/tusb_fifo.c.o
                0x1000341c                tu_fifo_write
 .text.tu_fifo_write_n
                0x100034c0      0x15c CMakeFiles/pico_uart_bridge.dir/Users/cole/.pico-sdk/sdk/2.2.0/lib/tinyusb/src/common/tusb_fifo.c.o
                0x100034c0                tu_fifo_write_n
 .text.tu_fifo_clear
                0x1000361c       0x38 CMakeFiles/pico_uart_bridge.dir/Users/cole/.pico-sdk/sdk/2.2.0/lib/tinyusb/src/common/tusb_fifo.c.o
                0x1000361c                tu_fifo_clear
 .text.tu_fifo_set_overwritable
                0x10003654       0x3c CMakeFiles/pico_uart_bridge.dir/Users/cole/.pico-sdk/sdk/2.2.0/lib/tinyusb/src/common/tusb_fifo.c.o
                0x10003654                tu_fifo_set_overwritable
 .text.board_init
                0x10003690       0x14 CMakeFiles/pico_uart_bridge.dir/Users/cole/.pico-sdk/sdk/2.2.0/lib/tinyusb/hw/bsp/rp2040/family.c.o
                0x10003690                board_init
 .text.memset   0x100036a4       0x9c /Users/cole/.pico-sdk/toolchain/14_2_Rel1/bin/../lib/gcc/arm-none-eabi/14.2.1/../../../../arm-none-eabi/lib/thumb/v8-m.main+fp/softfp/libg.a(libc_a-memset.o)
                0x100036a4                memset
 .text          0x10003740       0xec /Users/cole/.pico-sdk/toolchain/14_2_Rel1/bin/../lib/gcc/arm-none-eabi/14.2.1/../../../../arm-none-eabi/lib/thumb/v8-m.main+fp/softfp/libg.a(libc_a-memcpy.o)
                0x10003740                memcpy
 .text.strlen   0x1000382c       0x5c /Users/cole/.pico-sdk/toolchain/14_2_Rel1/bin/../lib/gcc/arm-none-eabi/14.2.1/../../../../arm-none-eabi/lib/thumb/v8-m.main+fp/softfp/libg.a(libc_a-strlen-stub.o)
                0x1000382c                strlen
 *(.fini)
 .fini          0x10003888        0x4 /Users/cole/.pico-sdk/toolchain/14_2_Rel1/bin/../lib/gcc/arm-none-eabi/14.2.1/thumb/v8-m.main+fp/softfp/crti.o
                0x10003888                _fini
 *fill*         0x1000388c        0x4 
 .fini.__stub   0x10003890       0x40 linker stubs
 *crtbegin.o(.ctors)
 *crtbegin?.o(.ctors)
 *(EXCLUDE_FILE(*crtend.o *crtend?.o) .ctors)
 *(SORT_BY_NAME(.ctors.*))
 *(.ctors)
 *crtbegin.o(.dtors)
 *crtbegin?.o(.dtors)
 *(EXCLUDE_FILE(*crtend.o *crtend?.o) .dtors)
 *(SORT_BY_NAME(.dtors.*))
 *(.dtors)
                0x100038d0                        . = ALIGN (0x4)
                0x100038d0                        PROVIDE (__preinit_array_start = .)
 *(SORT_BY_NAME(.preinit_array.*))
 .preinit_array.00050
                0x100038d0        0x4 CMakeFiles/pico_uart_bridge.dir/Users/cole/.pico-sdk/sdk/2.2.0/src/rp2_common/pico_runtime_init/runtime_init.c.o
                0x100038d0                __pre_init_runtime_init_bootrom_reset
 .preinit_array.00100
                0x100038d4        0x4 CMakeFiles/pico_uart_bridge.dir/Users/cole/.pico-sdk/sdk/2.2.0/src/rp2_common/pico_runtime_init/runtime_init.c.o
                0x100038d4                __pre_init_runtime_init_early_resets
 .preinit_array.00101
                0x100038d8        0x4 CMakeFiles/pico_uart_bridge.dir/Users/cole/.pico-sdk/sdk/2.2.0/src/rp2_common/pico_runtime_init/runtime_init.c.o
                0x100038d8                __pre_init_runtime_init_usb_power_down
 .preinit_array.00500
                0x100038dc        0x4 CMakeFiles/pico_uart_bridge.dir/Users/cole/.pico-sdk/sdk/2.2.0/src/rp2_common/pico_runtime_init/runtime_init.c.o
                0x100038dc                __pre_init_runtime_init_clocks
 .preinit_array.00600
                0x100038e0        0x4 CMakeFiles/pico_uart_bridge.dir/Users/cole/.pico-sdk/sdk/2.2.0/src/rp2_common/pico_runtime_init/runtime_init.c.o
                0x100038e0                __pre_init_runtime_init_post_clock_resets
 .preinit_array.01000
                0x100038e4        0x4 CMakeFiles/pico_uart_bridge.dir/Users/cole/.pico-sdk/sdk/2.2.0/src/rp2_common/hardware_boot_lock/boot_lock.c.o
                0x100038e4                __pre_init_runtime_init_boot_locks_reset
 .preinit_array.01000
                0x100038e8        0x4 CMakeFiles/pico_uart_bridge.dir/Users/cole/.pico-sdk/sdk/2.2.0/src/rp2_common/pico_runtime_init/runtime_init.c.o
                0x100038e8                __pre_init_runtime_init_spin_locks_reset
 .preinit_array.01010
                0x100038ec        0x4 CMakeFiles/pico_uart_bridge.dir/Users/cole/.pico-sdk/sdk/2.2.0/src/rp2_common/pico_bootrom/bootrom_lock.c.o
                0x100038ec                __pre_init_runtime_init_bootrom_locking_enable
 .preinit_array.01100
                0x100038f0        0x4 CMakeFiles/pico_uart_bridge.dir/Users/cole/.pico-sdk/sdk/2.2.0/src/common/pico_sync/mutex.c.o
                0x100038f0                __pre_init_runtime_init_mutex
 .preinit_array.10080
                0x100038f4        0x4 CMakeFiles/pico_uart_bridge.dir/Users/cole/.pico-sdk/sdk/2.2.0/src/rp2_common/pico_runtime_init/runtime_init.c.o
                0x100038f4                __pre_init_runtime_init_install_ram_vector_table
 .preinit_array.11000
                0x100038f8        0x4 CMakeFiles/pico_uart_bridge.dir/Users/cole/.pico-sdk/sdk/2.2.0/src/common/pico_time/time.c.o
                0x100038f8                __pre_init_runtime_init_default_alarm_pool
 .preinit_array.YYYYY
                0x100038fc        0x4 CMakeFiles/pico_uart_bridge.dir/Users/cole/.pico-sdk/sdk/2.2.0/src/rp2_common/pico_runtime/runtime.c.o
                0x100038fc                __pre_init_first_per_core_initializer
 .preinit_array.ZZZZZ.00051
                0x10003900        0x4 CMakeFiles/pico_uart_bridge.dir/Users/cole/.pico-sdk/sdk/2.2.0/src/rp2_common/pico_runtime_init/runtime_init.c.o
                0x10003900                __pre_init_runtime_init_per_core_bootrom_reset
 .preinit_array.ZZZZZ.00200
                0x10003904        0x4 CMakeFiles/pico_uart_bridge.dir/Users/cole/.pico-sdk/sdk/2.2.0/src/rp2_common/pico_runtime_init/runtime_init.c.o
                0x10003904                __pre_init_runtime_init_per_core_enable_coprocessors
 .preinit_array.ZZZZZ.01000
                0x10003908        0x4 CMakeFiles/pico_uart_bridge.dir/Users/cole/.pico-sdk/sdk/2.2.0/src/rp2_common/hardware_sync_spin_lock/sync_spin_lock.c.o
                0x10003908                __pre_init_spinlock_set_extexclall
 .preinit_array.ZZZZZ.01200
                0x1000390c        0x4 CMakeFiles/pico_uart_bridge.dir/Users/cole/.pico-sdk/sdk/2.2.0/src/rp2_common/hardware_irq/irq.c.o
                0x1000390c                __pre_init_runtime_init_per_core_irq_priorities
 *(.preinit_array)
                0x10003910                        PROVIDE (__preinit_array_end = .)
                0x10003910                        . = ALIGN (0x4)
                0x10003910                        PROVIDE (__init_array_start = .)
 *(SORT_BY_NAME(.init_array.*))
 .init_array.01000
                0x10003910        0x4 CMakeFiles/pico_uart_bridge.dir/Users/cole/.pico-sdk/sdk/2.2.0/src/rp2_common/pico_unique_id/unique_id.c.o
 *(.init_array)
 .init_array    0x10003914        0x4 /Users/cole/.pico-sdk/toolchain/14_2_Rel1/bin/../lib/gcc/arm-none-eabi/14.2.1/thumb/v8-m.main+fp/softfp/crtbegin.o
                0x10003918                        PROVIDE (__init_array_end = .)
                0x10003918                        . = ALIGN (0x4)
                [!provide]                        PROVIDE (__fini_array_start = .)
 *(SORT_BY_NAME(.fini_array.*))
 *(.fini_array)
                [!provide]                        PROVIDE (__fini_array_end = .)
 *(.eh_frame*)
 .eh_frame      0x10003918        0x0 /Users/cole/.pico-sdk/toolchain/14_2_Rel1/bin/../lib/gcc/arm-none-eabi/14.2.1/thumb/v8-m.main+fp/softfp/crtbegin.o
                0x10003918                        . = ALIGN (0x4)

.glue_7         0x10003918        0x0
 .glue_7        0x10003918        0x0 linker stubs

.glue_7t        0x10003918        0x0
 .glue_7t       0x10003918        0x0 linker stubs

.vfp11_veneer   0x10003918        0x0
 .vfp11_veneer  0x10003918        0x0 linker stubs

.v4_bx          0x10003918        0x0
 .v4_bx         0x10003918        0x0 linker stubs

.iplt           0x10003918        0x0
 .iplt          0x10003918        0x0 /Users/cole/.pico-sdk/toolchain/14_2_Rel1/bin/../lib/gcc/arm-none-eabi/14.2.1/thumb/v8-m.main+fp/softfp/crtbegin.o

.boot2          0x10003918        0x0
                0x10003918                        __boot2_start__ = .
 *(.boot2)
                0x10003918                        __boot2_end__ = .
                0x00000001                        ASSERT (((__boot2_end__ - __boot2_start__) <= 0x100), ERROR: Pico second stage bootloader must be no more than 256 bytes in size)

.rodata         0x10003918      0x248
 *(EXCLUDE_FILE(*libm.a: *libc.a:*lib_a-mem*.o *libgcc.a:) .rodata*)
 .rodata.tud_descriptor_string_cb.str1.4
                0x10003918      0x14c CMakeFiles/pico_uart_bridge.dir/usb_descriptors.c.o
                                 0x11 (size before relaxing)
 .rodata.str1.4
                0x10003a64       0x2d CMakeFiles/pico_uart_bridge.dir/usb_descriptors.c.o
 .rodata.string_desc_arr
                0x10003a64       0x14 CMakeFiles/pico_uart_bridge.dir/usb_descriptors.c.o
 .rodata.__compound_literal.0
                0x10003a78        0x2 CMakeFiles/pico_uart_bridge.dir/usb_descriptors.c.o
 *fill*         0x10003a7a        0x2 
 .rodata.desc_configuration
                0x10003a7c       0x4b CMakeFiles/pico_uart_bridge.dir/usb_descriptors.c.o
 *fill*         0x10003ac7        0x1 
 .rodata.desc_device
                0x10003ac8       0x12 CMakeFiles/pico_uart_bridge.dir/usb_descriptors.c.o
                0x10003ac8                desc_device
 .rodata.panic.str1.4
                0x10003ada       0x12 CMakeFiles/pico_uart_bridge.dir/Users/cole/.pico-sdk/sdk/2.2.0/src/rp2_common/pico_platform_panic/panic.c.o
 .rodata.spin_lock_claim_unused.str1.4
                0x10003ada       0x1b CMakeFiles/pico_uart_bridge.dir/Users/cole/.pico-sdk/sdk/2.2.0/src/rp2_common/hardware_sync/sync.c.o
 .rodata.timer_hardware_alarm_claim.str1.4
                0x10003ada       0x22 CMakeFiles/pico_uart_bridge.dir/Users/cole/.pico-sdk/sdk/2.2.0/src/rp2_common/hardware_timer/timer.c.o
 .rodata.hard_assertion_failure.str1.4
                0x10003ada        0xc CMakeFiles/pico_uart_bridge.dir/Users/cole/.pico-sdk/sdk/2.2.0/src/rp2_common/pico_runtime/runtime.c.o
 .rodata.str1.4
                0x10003ada       0x48 CMakeFiles/pico_uart_bridge.dir/Users/cole/.pico-sdk/sdk/2.2.0/src/rp2_common/pico_standard_binary_info/standard_binary_info.c.o
 *fill*         0x10003ada        0x2 
 .rodata.__bi_84
                0x10003adc        0xc CMakeFiles/pico_uart_bridge.dir/Users/cole/.pico-sdk/sdk/2.2.0/src/rp2_common/pico_standard_binary_info/standard_binary_info.c.o
 .rodata.__bi_78
                0x10003ae8        0xc CMakeFiles/pico_uart_bridge.dir/Users/cole/.pico-sdk/sdk/2.2.0/src/rp2_common/pico_standard_binary_info/standard_binary_info.c.o
 .rodata.__bi_54
                0x10003af4        0xc CMakeFiles/pico_uart_bridge.dir/Users/cole/.pico-sdk/sdk/2.2.0/src/rp2_common/pico_standard_binary_info/standard_binary_info.c.o
 .rodata.__bi_48
                0x10003b00        0xc CMakeFiles/pico_uart_bridge.dir/Users/cole/.pico-sdk/sdk/2.2.0/src/rp2_common/pico_standard_binary_info/standard_binary_info.c.o
 .rodata.__bi_42
                0x10003b0c        0xc CMakeFiles/pico_uart_bridge.dir/Users/cole/.pico-sdk/sdk/2.2.0/src/rp2_common/pico_standard_binary_info/standard_binary_info.c.o
 .rodata.__bi_34
                0x10003b18        0xc CMakeFiles/pico_uart_bridge.dir/Users/cole/.pico-sdk/sdk/2.2.0/src/rp2_common/pico_standard_binary_info/standard_binary_info.c.o
 .rodata.__bi_26
                0x10003b24        0xc CMakeFiles/pico_uart_bridge.dir/Users/cole/.pico-sdk/sdk/2.2.0/src/rp2_common/pico_standard_binary_info/standard_binary_info.c.o
 .rodata.crlf_str.0
                0x10003b30        0x2 CMakeFiles/pico_uart_bridge.dir/Users/cole/.pico-sdk/sdk/2.2.0/src/rp2_common/pico_stdio/stdio.c.o
 .rodata.str1.4
                0x10003b32       0x14 CMakeFiles/pico_uart_bridge.dir/Users/cole/.pico-sdk/sdk/2.2.0/lib/tinyusb/src/portable/raspberrypi/rp2040/dcd_rp2040.c.o
 .rodata.str1.4
                0x10003b32       0x48 CMakeFiles/pico_uart_bridge.dir/Users/cole/.pico-sdk/sdk/2.2.0/lib/tinyusb/src/portable/raspberrypi/rp2040/rp2040_usb.c.o
 *fill*         0x10003b32        0x2 
 .rodata._usbd_driver
                0x10003b34       0x20 CMakeFiles/pico_uart_bridge.dir/Users/cole/.pico-sdk/sdk/2.2.0/lib/tinyusb/src/device/usbd.c.o
 .rodata.str1.4
                0x10003b54        0x4 CMakeFiles/pico_uart_bridge.dir/Users/cole/.pico-sdk/sdk/2.2.0/lib/tinyusb/hw/bsp/rp2040/family.c.o
 .rodata.__bi_153.0
                0x10003b54        0xc CMakeFiles/pico_uart_bridge.dir/Users/cole/.pico-sdk/sdk/2.2.0/lib/tinyusb/hw/bsp/rp2040/family.c.o
 *(.srodata*)
                0x10003b60                        . = ALIGN (0x4)
 *(SORT_BY_ALIGNMENT(SORT_BY_NAME(.flashdata*)))
                0x10003b60                        . = ALIGN (0x4)

.ARM.extab
 *(.ARM.extab* .gnu.linkonce.armextab.*)
                0x10003b60                        __exidx_start = .

.ARM.exidx      0x10003b60        0x8
 *(.ARM.exidx* .gnu.linkonce.armexidx.*)
 .ARM.exidx     0x10003b60        0x8 /Users/cole/.pico-sdk/toolchain/14_2_Rel1/bin/../lib/gcc/arm-none-eabi/14.2.1/../../../../arm-none-eabi/lib/thumb/v8-m.main+fp/softfp/libg.a(libc_a-memcpy.o)
                0x10003b68                        __exidx_end = .
                0x10003b68                        . = ALIGN (0x4)
                0x10003b68                        __binary_info_start = .

.binary_info    0x10003b68       0x20
 *(.binary_info.keep.*)
 .binary_info.keep.__bi_ptr84
                0x10003b68        0x4 CMakeFiles/pico_uart_bridge.dir/Users/cole/.pico-sdk/sdk/2.2.0/src/rp2_common/pico_standard_binary_info/standard_binary_info.c.o
 .binary_info.keep.__bi_ptr78
                0x10003b6c        0x4 CMakeFiles/pico_uart_bridge.dir/Users/cole/.pico-sdk/sdk/2.2.0/src/rp2_common/pico_standard_binary_info/standard_binary_info.c.o
 .binary_info.keep.__bi_ptr54
                0x10003b70        0x4 CMakeFiles/pico_uart_bridge.dir/Users/cole/.pico-sdk/sdk/2.2.0/src/rp2_common/pico_standard_binary_info/standard_binary_info.c.o
 .binary_info.keep.__bi_ptr48
                0x10003b74        0x4 CMakeFiles/pico_uart_bridge.dir/Users/cole/.pico-sdk/sdk/2.2.0/src/rp2_common/pico_standard_binary_info/standard_binary_info.c.o
 .binary_info.keep.__bi_ptr42
                0x10003b78        0x4 CMakeFiles/pico_uart_bridge.dir/Users/cole/.pico-sdk/sdk/2.2.0/src/rp2_common/pico_standard_binary_info/standard_binary_info.c.o
 .binary_info.keep.__bi_ptr34
                0x10003b7c        0x4 CMakeFiles/pico_uart_bridge.dir/Users/cole/.pico-sdk/sdk/2.2.0/src/rp2_common/pico_standard_binary_info/standard_binary_info.c.o
 .binary_info.keep.__bi_ptr26
                0x10003b80        0x4 CMakeFiles/pico_uart_bridge.dir/Users/cole/.pico-sdk/sdk/2.2.0/src/rp2_common/pico_standard_binary_info/standard_binary_info.c.o
 .binary_info.keep.__bi_ptr153
                0x10003b84        0x4 CMakeFiles/pico_uart_bridge.dir/Users/cole/.pico-sdk/sdk/2.2.0/lib/tinyusb/hw/bsp/rp2040/family.c.o
 *(.binary_info.*)
                0x10003b88                        __binary_info_end = .
                0x10003b88                        . = ALIGN (0x4)

.ram_vector_table
                0x20000000      0x110
 *(.ram_vector_table)
 .ram_vector_table
                0x20000000      0x110 CMakeFiles/pico_uart_bridge.dir/Users/cole/.pico-sdk/sdk/2.2.0/src/rp2_common/pico_runtime_init/runtime_init.c.o
                0x20000000                ram_vector_table

.uninitialized_data
                0x20000110        0x0
                0x20000110                        . = ALIGN (0x4)
 *(.uninitialized_data*)

.data           0x20000110      0xd24 load address 0x10003b88
                0x20000110                        __data_start__ = .
 *(vtable)
 *(.time_critical*)
 .time_critical.mutex_enter_block_until
                0x20000110       0x6c CMakeFiles/pico_uart_bridge.dir/Users/cole/.pico-sdk/sdk/2.2.0/src/common/pico_sync/mutex.c.o
                0x20000110                mutex_enter_block_until
 .time_critical.mutex_try_enter_block_until
                0x2000017c       0x68 CMakeFiles/pico_uart_bridge.dir/Users/cole/.pico-sdk/sdk/2.2.0/src/common/pico_sync/mutex.c.o
                0x2000017c                mutex_try_enter_block_until
 .time_critical.mutex_enter_timeout_ms
                0x200001e4       0x38 CMakeFiles/pico_uart_bridge.dir/Users/cole/.pico-sdk/sdk/2.2.0/src/common/pico_sync/mutex.c.o
                0x200001e4                mutex_enter_timeout_ms
 .time_critical.mutex_exit
                0x2000021c       0x3c CMakeFiles/pico_uart_bridge.dir/Users/cole/.pico-sdk/sdk/2.2.0/src/common/pico_sync/mutex.c.o
                0x2000021c                mutex_exit
 .time_critical.reset_non_control_endpoints
                0x20000258       0x64 CMakeFiles/pico_uart_bridge.dir/Users/cole/.pico-sdk/sdk/2.2.0/lib/tinyusb/src/portable/raspberrypi/rp2040/dcd_rp2040.c.o
 .time_critical.hw_handle_buff_status
                0x200002bc       0x90 CMakeFiles/pico_uart_bridge.dir/Users/cole/.pico-sdk/sdk/2.2.0/lib/tinyusb/src/portable/raspberrypi/rp2040/dcd_rp2040.c.o
 .time_critical.dcd_rp2040_irq
                0x2000034c      0x530 CMakeFiles/pico_uart_bridge.dir/Users/cole/.pico-sdk/sdk/2.2.0/lib/tinyusb/src/portable/raspberrypi/rp2040/dcd_rp2040.c.o
 .time_critical.prepare_ep_buffer
                0x2000087c       0xc0 CMakeFiles/pico_uart_bridge.dir/Users/cole/.pico-sdk/sdk/2.2.0/lib/tinyusb/src/portable/raspberrypi/rp2040/rp2040_usb.c.o
 .time_critical.sync_ep_buffer
                0x2000093c       0xb4 CMakeFiles/pico_uart_bridge.dir/Users/cole/.pico-sdk/sdk/2.2.0/lib/tinyusb/src/portable/raspberrypi/rp2040/rp2040_usb.c.o
 .time_critical._hw_endpoint_xfer_sync
                0x200009f0       0x2c CMakeFiles/pico_uart_bridge.dir/Users/cole/.pico-sdk/sdk/2.2.0/lib/tinyusb/src/portable/raspberrypi/rp2040/rp2040_usb.c.o
 .time_critical.e15_is_bulkin_ep
                0x20000a1c       0x28 CMakeFiles/pico_uart_bridge.dir/Users/cole/.pico-sdk/sdk/2.2.0/lib/tinyusb/src/portable/raspberrypi/rp2040/rp2040_usb.c.o
 .time_critical.e15_is_critical_frame_period
                0x20000a44       0x28 CMakeFiles/pico_uart_bridge.dir/Users/cole/.pico-sdk/sdk/2.2.0/lib/tinyusb/src/portable/raspberrypi/rp2040/rp2040_usb.c.o
 .time_critical.hw_endpoint_reset_transfer
                0x20000a6c        0xc CMakeFiles/pico_uart_bridge.dir/Users/cole/.pico-sdk/sdk/2.2.0/lib/tinyusb/src/portable/raspberrypi/rp2040/rp2040_usb.c.o
                0x20000a6c                hw_endpoint_reset_transfer
 .time_critical._hw_endpoint_buffer_control_update32
                0x20000a78       0x44 CMakeFiles/pico_uart_bridge.dir/Users/cole/.pico-sdk/sdk/2.2.0/lib/tinyusb/src/portable/raspberrypi/rp2040/rp2040_usb.c.o
                0x20000a78                _hw_endpoint_buffer_control_update32
 .time_critical.hw_endpoint_start_next_buffer
                0x20000abc       0x64 CMakeFiles/pico_uart_bridge.dir/Users/cole/.pico-sdk/sdk/2.2.0/lib/tinyusb/src/portable/raspberrypi/rp2040/rp2040_usb.c.o
                0x20000abc                hw_endpoint_start_next_buffer
 .time_critical.hw_endpoint_xfer_continue
                0x20000b20       0x3c CMakeFiles/pico_uart_bridge.dir/Users/cole/.pico-sdk/sdk/2.2.0/lib/tinyusb/src/portable/raspberrypi/rp2040/rp2040_usb.c.o
                0x20000b20                hw_endpoint_xfer_continue
 .time_critical.tinyusb
                0x20000b5c      0x218 CMakeFiles/pico_uart_bridge.dir/Users/cole/.pico-sdk/sdk/2.2.0/lib/tinyusb/src/device/usbd.c.o
                0x20000b5c                dcd_event_handler
 *fill*         0x20000d74        0x4 
 .time_critical.tinyusb.__stub
                0x20000d78       0x30 linker stubs
 *(.text*)
                0x20000da8                        . = ALIGN (0x4)
 *(.rodata*)
                0x20000da8                        . = ALIGN (0x4)
 *(.data*)
 .data.striped_spin_lock_num
                0x20000da8        0x1 CMakeFiles/pico_uart_bridge.dir/Users/cole/.pico-sdk/sdk/2.2.0/src/rp2_common/hardware_sync/sync.c.o
 *fill*         0x20000da9        0x3 
 .data          0x20000dac       0x48 CMakeFiles/pico_uart_bridge.dir/Users/cole/.pico-sdk/sdk/2.2.0/src/rp2_common/hardware_irq/irq_handler_chain.S.o
                0x20000dac                irq_handler_chain_slots
                0x20000ddc                irq_handler_chain_first_slot
                0x20000de6                irq_handler_chain_remove_tail
 .data.default_alarm_pool
                0x20000df4       0x18 CMakeFiles/pico_uart_bridge.dir/Users/cole/.pico-sdk/sdk/2.2.0/src/common/pico_time/time.c.o
 .data._usbd_qdef
                0x20000e0c       0x1c CMakeFiles/pico_uart_bridge.dir/Users/cole/.pico-sdk/sdk/2.2.0/lib/tinyusb/src/device/usbd.c.o
                0x20000e0c                _usbd_qdef
 .data._usbd_rhport
                0x20000e28        0x1 CMakeFiles/pico_uart_bridge.dir/Users/cole/.pico-sdk/sdk/2.2.0/lib/tinyusb/src/device/usbd.c.o
 *(.sdata*)
                0x20000e2c                        . = ALIGN (0x4)
 *fill*         0x20000e29        0x3 
 *(.after_data.*)
                0x20000e2c                        . = ALIGN (0x4)
                0x20000e2c                        PROVIDE (__mutex_array_start = .)
 *(SORT_BY_NAME(.mutex_array.*))
 *(.mutex_array)
 .mutex_array   0x20000e2c        0x8 CMakeFiles/pico_uart_bridge.dir/Users/cole/.pico-sdk/sdk/2.2.0/src/rp2_common/pico_stdio/stdio.c.o
                0x20000e34                        PROVIDE (__mutex_array_end = .)
 *(.jcr)
                0x20000e34                        . = ALIGN (0x4)

.tm_clone_table
                0x20000e34        0x0 load address 0x100048ac
 .tm_clone_table
                0x20000e34        0x0 /Users/cole/.pico-sdk/toolchain/14_2_Rel1/bin/../lib/gcc/arm-none-eabi/14.2.1/thumb/v8-m.main+fp/softfp/crtbegin.o
 .tm_clone_table
                0x20000e34        0x0 /Users/cole/.pico-sdk/toolchain/14_2_Rel1/bin/../lib/gcc/arm-none-eabi/14.2.1/thumb/v8-m.main+fp/softfp/crtend.o

.igot.plt       0x20000e34        0x0 load address 0x100048ac
 .igot.plt      0x20000e34        0x0 /Users/cole/.pico-sdk/toolchain/14_2_Rel1/bin/../lib/gcc/arm-none-eabi/14.2.1/thumb/v8-m.main+fp/softfp/crtbegin.o

.tdata          0x20000e34        0x0 load address 0x100048ac
                0x20000e34                        . = ALIGN (0x4)
 *(.tdata .tdata.* .gnu.linkonce.td.*)
                0x20000e34                        __tdata_end = .
                0x20000e34                        PROVIDE (__data_end__ = .)
                0x10003b88                        __etext = LOADADDR (.data)

.tbss           0x20000e34        0x0 load address 0x100048ac
                0x20000e34                        . = ALIGN (0x4)
                0x20000e34                        __bss_start__ = .
                0x20000e34                        __tls_base = .
 *(.tbss .tbss.* .gnu.linkonce.tb.*)
 *(.tcommon)
                0x20000e34                        __tls_end = .

.bss            0x20000e38      0xcd0 load address 0x100048ac
                0x20000e38                        . = ALIGN (0x4)
                0x20000e38                        __tbss_end = .
 *(SORT_BY_ALIGNMENT(SORT_BY_NAME(.bss*)))
 .bss.activity_until
                0x20000e38        0x8 CMakeFiles/pico_uart_bridge.dir/main.c.o
 .bss.default_alarm_pool_entries
                0x20000e40      0x180 CMakeFiles/pico_uart_bridge.dir/Users/cole/.pico-sdk/sdk/2.2.0/src/common/pico_time/time.c.o
 .bss.desc_str  0x20000fc0       0x40 CMakeFiles/pico_uart_bridge.dir/usb_descriptors.c.o
 .bss.last_heartbeat
                0x20001000        0x8 CMakeFiles/pico_uart_bridge.dir/main.c.o
 .bss._app_driver
                0x20001008        0x4 CMakeFiles/pico_uart_bridge.dir/Users/cole/.pico-sdk/sdk/2.2.0/lib/tinyusb/src/device/usbd.c.o
 .bss._cdcd_epbuf
                0x2000100c       0x80 CMakeFiles/pico_uart_bridge.dir/Users/cole/.pico-sdk/sdk/2.2.0/lib/tinyusb/src/class/cdc/cdc_device.c.o
 .bss._cdcd_fifo_cfg
                0x2000108c        0x1 CMakeFiles/pico_uart_bridge.dir/Users/cole/.pico-sdk/sdk/2.2.0/lib/tinyusb/src/class/cdc/cdc_device.c.o
 *fill*         0x2000108d        0x3 
 .bss._cdcd_itf
                0x20001090      0x448 CMakeFiles/pico_uart_bridge.dir/Users/cole/.pico-sdk/sdk/2.2.0/lib/tinyusb/src/class/cdc/cdc_device.c.o
 .bss._ctrl_epbuf
                0x200014d8       0x40 CMakeFiles/pico_uart_bridge.dir/Users/cole/.pico-sdk/sdk/2.2.0/lib/tinyusb/src/device/usbd_control.c.o
 .bss._ctrl_xfer
                0x20001518       0x14 CMakeFiles/pico_uart_bridge.dir/Users/cole/.pico-sdk/sdk/2.2.0/lib/tinyusb/src/device/usbd_control.c.o
 .bss._sw_spin_locks
                0x2000152c       0x20 CMakeFiles/pico_uart_bridge.dir/Users/cole/.pico-sdk/sdk/2.2.0/src/rp2_common/hardware_sync_spin_lock/sync_spin_lock.c.o
                0x2000152c                _sw_spin_locks
 .bss._tusb_rhport_role
                0x2000154c        0x2 CMakeFiles/pico_uart_bridge.dir/Users/cole/.pico-sdk/sdk/2.2.0/lib/tinyusb/src/tusb.c.o
                0x2000154c                _tusb_rhport_role
 *fill*         0x2000154e        0x2 
 .bss._ubsd_mutexdef
                0x20001550        0x8 CMakeFiles/pico_uart_bridge.dir/Users/cole/.pico-sdk/sdk/2.2.0/lib/tinyusb/src/device/usbd.c.o
 .bss._usbd_dev
                0x20001558       0x54 CMakeFiles/pico_uart_bridge.dir/Users/cole/.pico-sdk/sdk/2.2.0/lib/tinyusb/src/device/usbd.c.o
 .bss._usbd_mutex
                0x200015ac        0x4 CMakeFiles/pico_uart_bridge.dir/Users/cole/.pico-sdk/sdk/2.2.0/lib/tinyusb/src/device/usbd.c.o
 .bss._usbd_q   0x200015b0        0x4 CMakeFiles/pico_uart_bridge.dir/Users/cole/.pico-sdk/sdk/2.2.0/lib/tinyusb/src/device/usbd.c.o
 .bss._usbd_qdef_buf
                0x200015b4       0xc0 CMakeFiles/pico_uart_bridge.dir/Users/cole/.pico-sdk/sdk/2.2.0/lib/tinyusb/src/device/usbd.c.o
                0x200015b4                _usbd_qdef_buf
 .bss.claimed   0x20001674        0x4 CMakeFiles/pico_uart_bridge.dir/Users/cole/.pico-sdk/sdk/2.2.0/src/rp2_common/hardware_sync/sync.c.o
 .bss.claimed   0x20001678        0x2 CMakeFiles/pico_uart_bridge.dir/Users/cole/.pico-sdk/sdk/2.2.0/src/rp2_common/hardware_timer/timer.c.o
 *fill*         0x2000167a        0x2 
 .bss.configured_freq
                0x2000167c       0x28 CMakeFiles/pico_uart_bridge.dir/Users/cole/.pico-sdk/sdk/2.2.0/src/rp2_common/hardware_clocks/clocks.c.o
 .bss.drivers   0x200016a4        0x4 CMakeFiles/pico_uart_bridge.dir/Users/cole/.pico-sdk/sdk/2.2.0/src/rp2_common/pico_stdio/stdio.c.o
 .bss.e15_last_sof
                0x200016a8        0x4 CMakeFiles/pico_uart_bridge.dir/Users/cole/.pico-sdk/sdk/2.2.0/lib/tinyusb/src/portable/raspberrypi/rp2040/rp2040_usb.c.o
                0x200016a8                e15_last_sof
 .bss.filter    0x200016ac        0x4 CMakeFiles/pico_uart_bridge.dir/Users/cole/.pico-sdk/sdk/2.2.0/src/rp2_common/pico_stdio/stdio.c.o
 .bss.hw_endpoints
                0x200016b0      0x400 CMakeFiles/pico_uart_bridge.dir/Users/cole/.pico-sdk/sdk/2.2.0/lib/tinyusb/src/portable/raspberrypi/rp2040/dcd_rp2040.c.o
 .bss.lazy_vsnprintf
                0x20001ab0        0x4 CMakeFiles/pico_uart_bridge.dir/Users/cole/.pico-sdk/sdk/2.2.0/src/rp2_common/pico_printf/printf.c.o
 .bss.next_buffer_ptr
                0x20001ab4        0x4 CMakeFiles/pico_uart_bridge.dir/Users/cole/.pico-sdk/sdk/2.2.0/lib/tinyusb/src/portable/raspberrypi/rp2040/dcd_rp2040.c.o
 .bss.object.0  0x20001ab8       0x18 /Users/cole/.pico-sdk/toolchain/14_2_Rel1/bin/../lib/gcc/arm-none-eabi/14.2.1/thumb/v8-m.main+fp/softfp/crtbegin.o
 .bss.pools     0x20001ad0       0x20 CMakeFiles/pico_uart_bridge.dir/Users/cole/.pico-sdk/sdk/2.2.0/src/common/pico_time/time.c.o
 .bss.retrieved_id
                0x20001af0        0x8 CMakeFiles/pico_uart_bridge.dir/Users/cole/.pico-sdk/sdk/2.2.0/src/rp2_common/pico_unique_id/unique_id.c.o
 .bss.sleep_notifier
                0x20001af8        0x4 CMakeFiles/pico_uart_bridge.dir/Users/cole/.pico-sdk/sdk/2.2.0/src/common/pico_time/time.c.o
 .bss.uart_char_to_line_feed
                0x20001afc        0x4 CMakeFiles/pico_uart_bridge.dir/Users/cole/.pico-sdk/sdk/2.2.0/src/rp2_common/hardware_uart/uart.c.o
                0x20001afc                uart_char_to_line_feed
 .bss._app_driver_count
                0x20001b00        0x1 CMakeFiles/pico_uart_bridge.dir/Users/cole/.pico-sdk/sdk/2.2.0/lib/tinyusb/src/device/usbd.c.o
 .bss._sof_enable
                0x20001b01        0x1 CMakeFiles/pico_uart_bridge.dir/Users/cole/.pico-sdk/sdk/2.2.0/lib/tinyusb/src/portable/raspberrypi/rp2040/dcd_rp2040.c.o
 .bss._usbd_queued_setup
                0x20001b02        0x1 CMakeFiles/pico_uart_bridge.dir/Users/cole/.pico-sdk/sdk/2.2.0/lib/tinyusb/src/device/usbd.c.o
 .bss.heartbeat_state
                0x20001b03        0x1 CMakeFiles/pico_uart_bridge.dir/main.c.o
 .bss.irq_handler_chain_free_slot_head
                0x20001b04        0x1 CMakeFiles/pico_uart_bridge.dir/Users/cole/.pico-sdk/sdk/2.2.0/src/rp2_common/hardware_irq/irq.c.o
 *(COMMON)
                [!provide]                        PROVIDE (__global_pointer$ = (. + 0x800))
 *(.sbss*)
                0x20001b08                        . = ALIGN (0x4)
 *fill*         0x20001b05        0x3 
                0x20001b08                        __bss_end__ = .

.heap           0x20001b08      0x800 load address 0x100048ac
                0x20001b08                        __end__ = .
                0x20001b08                        end = __end__
 *(.heap*)
 .heap          0x20001b08      0x800 CMakeFiles/pico_uart_bridge.dir/Users/cole/.pico-sdk/sdk/2.2.0/src/rp2_common/pico_crt0/crt0.S.o
                0x20080000                        __HeapLimit = (ORIGIN (RAM) + LENGTH (RAM))

.scratch_x      0x20080000        0x0 load address 0x100048ac
                0x20080000                        __scratch_x_start__ = .
 *(.scratch_x.*)
                0x20080000                        . = ALIGN (0x4)
                0x20080000                        __scratch_x_end__ = .
                0x100048ac                        __scratch_x_source__ = LOADADDR (.scratch_x)

.scratch_y      0x20081000        0x0 load address 0x100048ac
                0x20081000                        __scratch_y_start__ = .
 *(.scratch_y.*)
                0x20081000                        . = ALIGN (0x4)
                0x20081000                        __scratch_y_end__ = .
                0x100048ac                        __scratch_y_source__ = LOADADDR (.scratch_y)

.stack1_dummy
 *(.stack1*)

.stack_dummy    0x20081000      0x800
 *(.stack*)
 .stack         0x20081000      0x800 CMakeFiles/pico_uart_bridge.dir/Users/cole/.pico-sdk/sdk/2.2.0/src/rp2_common/pico_crt0/crt0.S.o

.flash_end      0x100048ac       0x14
 *(.embedded_end_block*)
 .embedded_end_block
                0x100048ac       0x14 CMakeFiles/pico_uart_bridge.dir/Users/cole/.pico-sdk/sdk/2.2.0/src/rp2_common/pico_crt0/crt0.S.o
                0x100048c0                        PROVIDE (__flash_binary_end = .)
                0x20080000                        __StackLimit = (ORIGIN (RAM) + LENGTH (RAM))
                0x20081000                        __StackOneTop = (ORIGIN (SCRATCH_X) + LENGTH (SCRATCH_X))
                0x20082000                        __StackTop = (ORIGIN (SCRATCH_Y) + LENGTH (SCRATCH_Y))
                0x20081000                        __StackOneBottom = (__StackOneTop - SIZEOF (.stack1_dummy))
                0x20081800                        __StackBottom = (__StackTop - SIZEOF (.stack_dummy))
                0x20082000                        PROVIDE (__stack = __StackTop)
                [!provide]                        PROVIDE (__heap_start = __end__)
                [!provide]                        PROVIDE (__heap_end = __HeapLimit)
                [!provide]                        PROVIDE (__tls_align = MAX (ALIGNOF (.tdata), ALIGNOF (.tbss)))
                [!provide]                        PROVIDE (__tls_size_align = (((__tls_size + __tls_align) - 0x1) & ~ ((__tls_align - 0x1))))
                [!provide]                        PROVIDE (__arm32_tls_tcb_offset = MAX (0x8, __tls_align))
                [!provide]                        PROVIDE (_end = __end__)
                [!provide]                        PROVIDE (__llvm_libc_heap_limit = __HeapLimit)
                0x00000001                        ASSERT ((__StackLimit >= __HeapLimit), region RAM overflowed)
                0x00000001                        ASSERT (((__binary_info_header_end - __logical_binary_start) <= 0x400), Binary info must be in first 1024 bytes of the binary)
                0x00000001                        ASSERT (((__embedded_block_end - __logical_binary_start) <= 0x1000), Embedded block must be in first 4096 bytes of the binary)
LOAD CMakeFiles/pico_uart_bridge.dir/main.c.o
LOAD CMakeFiles/pico_uart_bridge.dir/usb_descriptors.c.o
LOAD CMakeFiles/pico_uart_bridge.dir/Users/cole/.pico-sdk/sdk/2.2.0/src/rp2_common/pico_stdlib/stdlib.c.o
LOAD CMakeFiles/pico_uart_bridge.dir/Users/cole/.pico-sdk/sdk/2.2.0/src/rp2_common/hardware_gpio/gpio.c.o
LOAD CMakeFiles/pico_uart_bridge.dir/Users/cole/.pico-sdk/sdk/2.2.0/src/rp2350/pico_platform/platform.c.o
LOAD CMakeFiles/pico_uart_bridge.dir/Users/cole/.pico-sdk/sdk/2.2.0/src/rp2_common/pico_platform_common/common.c.o
LOAD CMakeFiles/pico_uart_bridge.dir/Users/cole/.pico-sdk/sdk/2.2.0/src/rp2_common/pico_platform_panic/panic.c.o
LOAD CMakeFiles/pico_uart_bridge.dir/Users/cole/.pico-sdk/sdk/2.2.0/src/common/hardware_claim/claim.c.o
LOAD CMakeFiles/pico_uart_bridge.dir/Users/cole/.pico-sdk/sdk/2.2.0/src/rp2_common/hardware_sync/sync.c.o
LOAD CMakeFiles/pico_uart_bridge.dir/Users/cole/.pico-sdk/sdk/2.2.0/src/rp2_common/hardware_sync_spin_lock/sync_spin_lock.c.o
LOAD CMakeFiles/pico_uart_bridge.dir/Users/cole/.pico-sdk/sdk/2.2.0/src/rp2_common/hardware_irq/irq.c.o
LOAD CMakeFiles/pico_uart_bridge.dir/Users/cole/.pico-sdk/sdk/2.2.0/src/rp2_common/hardware_irq/irq_handler_chain.S.o
LOAD CMakeFiles/pico_uart_bridge.dir/Users/cole/.pico-sdk/sdk/2.2.0/src/common/pico_sync/sem.c.o
LOAD CMakeFiles/pico_uart_bridge.dir/Users/cole/.pico-sdk/sdk/2.2.0/src/common/pico_sync/lock_core.c.o
LOAD CMakeFiles/pico_uart_bridge.dir/Users/cole/.pico-sdk/sdk/2.2.0/src/common/pico_sync/mutex.c.o
LOAD CMakeFiles/pico_uart_bridge.dir/Users/cole/.pico-sdk/sdk/2.2.0/src/common/pico_sync/critical_section.c.o
LOAD CMakeFiles/pico_uart_bridge.dir/Users/cole/.pico-sdk/sdk/2.2.0/src/common/pico_time/time.c.o
LOAD CMakeFiles/pico_uart_bridge.dir/Users/cole/.pico-sdk/sdk/2.2.0/src/common/pico_time/timeout_helper.c.o
LOAD CMakeFiles/pico_uart_bridge.dir/Users/cole/.pico-sdk/sdk/2.2.0/src/rp2_common/hardware_timer/timer.c.o
LOAD CMakeFiles/pico_uart_bridge.dir/Users/cole/.pico-sdk/sdk/2.2.0/src/common/pico_util/datetime.c.o
LOAD CMakeFiles/pico_uart_bridge.dir/Users/cole/.pico-sdk/sdk/2.2.0/src/common/pico_util/pheap.c.o
LOAD CMakeFiles/pico_uart_bridge.dir/Users/cole/.pico-sdk/sdk/2.2.0/src/common/pico_util/queue.c.o
LOAD CMakeFiles/pico_uart_bridge.dir/Users/cole/.pico-sdk/sdk/2.2.0/src/rp2_common/hardware_uart/uart.c.o
LOAD CMakeFiles/pico_uart_bridge.dir/Users/cole/.pico-sdk/sdk/2.2.0/src/rp2_common/hardware_clocks/clocks.c.o
LOAD CMakeFiles/pico_uart_bridge.dir/Users/cole/.pico-sdk/sdk/2.2.0/src/rp2_common/hardware_pll/pll.c.o
LOAD CMakeFiles/pico_uart_bridge.dir/Users/cole/.pico-sdk/sdk/2.2.0/src/rp2_common/hardware_vreg/vreg.c.o
LOAD CMakeFiles/pico_uart_bridge.dir/Users/cole/.pico-sdk/sdk/2.2.0/src/rp2_common/hardware_watchdog/watchdog.c.o
LOAD CMakeFiles/pico_uart_bridge.dir/Users/cole/.pico-sdk/sdk/2.2.0/src/rp2_common/hardware_ticks/ticks.c.o
LOAD CMakeFiles/pico_uart_bridge.dir/Users/cole/.pico-sdk/sdk/2.2.0/src/rp2_common/pico_bootrom/bootrom.c.o
LOAD CMakeFiles/pico_uart_bridge.dir/Users/cole/.pico-sdk/sdk/2.2.0/src/rp2_common/pico_bootrom/bootrom_lock.c.o
LOAD CMakeFiles/pico_uart_bridge.dir/Users/cole/.pico-sdk/sdk/2.2.0/src/rp2_common/hardware_boot_lock/boot_lock.c.o
LOAD CMakeFiles/pico_uart_bridge.dir/Users/cole/.pico-sdk/sdk/2.2.0/src/rp2_common/pico_flash/flash.c.o
LOAD CMakeFiles/pico_uart_bridge.dir/Users/cole/.pico-sdk/sdk/2.2.0/src/rp2_common/hardware_xosc/xosc.c.o
LOAD CMakeFiles/pico_uart_bridge.dir/Users/cole/.pico-sdk/sdk/2.2.0/src/rp2_common/hardware_divider/divider.c.o
LOAD CMakeFiles/pico_uart_bridge.dir/Users/cole/.pico-sdk/sdk/2.2.0/src/rp2_common/pico_runtime/runtime.c.o
LOAD CMakeFiles/pico_uart_bridge.dir/Users/cole/.pico-sdk/sdk/2.2.0/src/rp2_common/pico_runtime_init/runtime_init.c.o
LOAD CMakeFiles/pico_uart_bridge.dir/Users/cole/.pico-sdk/sdk/2.2.0/src/rp2_common/pico_runtime_init/runtime_init_clocks.c.o
LOAD CMakeFiles/pico_uart_bridge.dir/Users/cole/.pico-sdk/sdk/2.2.0/src/rp2_common/pico_runtime_init/runtime_init_stack_guard.c.o
LOAD CMakeFiles/pico_uart_bridge.dir/Users/cole/.pico-sdk/sdk/2.2.0/src/rp2_common/pico_bit_ops/bit_ops_aeabi.S.o
LOAD CMakeFiles/pico_uart_bridge.dir/Users/cole/.pico-sdk/sdk/2.2.0/src/rp2_common/pico_divider/divider_compiler.c.o
LOAD CMakeFiles/pico_uart_bridge.dir/Users/cole/.pico-sdk/sdk/2.2.0/src/rp2_common/pico_double/double_math.c.o
LOAD CMakeFiles/pico_uart_bridge.dir/Users/cole/.pico-sdk/sdk/2.2.0/src/rp2_common/pico_double/double_aeabi_dcp.S.o
LOAD CMakeFiles/pico_uart_bridge.dir/Users/cole/.pico-sdk/sdk/2.2.0/src/rp2_common/pico_double/double_fma_dcp.S.o
LOAD CMakeFiles/pico_uart_bridge.dir/Users/cole/.pico-sdk/sdk/2.2.0/src/rp2_common/pico_double/double_sci_m33.S.o
LOAD CMakeFiles/pico_uart_bridge.dir/Users/cole/.pico-sdk/sdk/2.2.0/src/rp2_common/pico_double/double_conv_m33.S.o
LOAD CMakeFiles/pico_uart_bridge.dir/Users/cole/.pico-sdk/sdk/2.2.0/src/rp2_common/pico_float/float_math.c.o
LOAD CMakeFiles/pico_uart_bridge.dir/Users/cole/.pico-sdk/sdk/2.2.0/src/rp2_common/pico_float/float_conv32_vfp.S.o
LOAD CMakeFiles/pico_uart_bridge.dir/Users/cole/.pico-sdk/sdk/2.2.0/src/rp2_common/pico_float/float_common_m33.S.o
LOAD CMakeFiles/pico_uart_bridge.dir/Users/cole/.pico-sdk/sdk/2.2.0/src/rp2_common/pico_float/float_sci_m33_vfp.S.o
LOAD CMakeFiles/pico_uart_bridge.dir/Users/cole/.pico-sdk/sdk/2.2.0/src/rp2_common/pico_malloc/malloc.c.o
LOAD CMakeFiles/pico_uart_bridge.dir/Users/cole/.pico-sdk/sdk/2.2.0/src/rp2_common/pico_atomic/atomic.c.o
LOAD CMakeFiles/pico_uart_bridge.dir/Users/cole/.pico-sdk/sdk/2.2.0/src/rp2_common/pico_cxx_options/new_delete.cpp.o
LOAD CMakeFiles/pico_uart_bridge.dir/Users/cole/.pico-sdk/sdk/2.2.0/src/rp2_common/pico_standard_binary_info/standard_binary_info.c.o
LOAD CMakeFiles/pico_uart_bridge.dir/Users/cole/.pico-sdk/sdk/2.2.0/src/rp2_common/pico_printf/printf.c.o
LOAD CMakeFiles/pico_uart_bridge.dir/Users/cole/.pico-sdk/sdk/2.2.0/src/rp2_common/pico_crt0/crt0.S.o
LOAD CMakeFiles/pico_uart_bridge.dir/Users/cole/.pico-sdk/sdk/2.2.0/src/rp2_common/pico_clib_interface/newlib_interface.c.o
LOAD CMakeFiles/pico_uart_bridge.dir/Users/cole/.pico-sdk/sdk/2.2.0/src/rp2_common/pico_stdio/stdio.c.o
LOAD CMakeFiles/pico_uart_bridge.dir/Users/cole/.pico-sdk/sdk/2.2.0/src/rp2_common/pico_unique_id/unique_id.c.o
LOAD CMakeFiles/pico_uart_bridge.dir/Users/cole/.pico-sdk/sdk/2.2.0/src/rp2_common/hardware_flash/flash.c.o
LOAD CMakeFiles/pico_uart_bridge.dir/Users/cole/.pico-sdk/sdk/2.2.0/src/rp2_common/hardware_xip_cache/xip_cache.c.o
LOAD CMakeFiles/pico_uart_bridge.dir/Users/cole/.pico-sdk/sdk/2.2.0/lib/tinyusb/src/portable/raspberrypi/rp2040/dcd_rp2040.c.o
LOAD CMakeFiles/pico_uart_bridge.dir/Users/cole/.pico-sdk/sdk/2.2.0/lib/tinyusb/src/portable/raspberrypi/rp2040/rp2040_usb.c.o
LOAD CMakeFiles/pico_uart_bridge.dir/Users/cole/.pico-sdk/sdk/2.2.0/lib/tinyusb/src/device/usbd.c.o
LOAD CMakeFiles/pico_uart_bridge.dir/Users/cole/.pico-sdk/sdk/2.2.0/lib/tinyusb/src/device/usbd_control.c.o
LOAD CMakeFiles/pico_uart_bridge.dir/Users/cole/.pico-sdk/sdk/2.2.0/lib/tinyusb/src/class/audio/audio_device.c.o
LOAD CMakeFiles/pico_uart_bridge.dir/Users/cole/.pico-sdk/sdk/2.2.0/lib/tinyusb/src/class/cdc/cdc_device.c.o
LOAD CMakeFiles/pico_uart_bridge.dir/Users/cole/.pico-sdk/sdk/2.2.0/lib/tinyusb/src/class/dfu/dfu_device.c.o
LOAD CMakeFiles/pico_uart_bridge.dir/Users/cole/.pico-sdk/sdk/2.2.0/lib/tinyusb/src/class/dfu/dfu_rt_device.c.o
LOAD CMakeFiles/pico_uart_bridge.dir/Users/cole/.pico-sdk/sdk/2.2.0/lib/tinyusb/src/class/hid/hid_device.c.o
LOAD CMakeFiles/pico_uart_bridge.dir/Users/cole/.pico-sdk/sdk/2.2.0/lib/tinyusb/src/class/midi/midi_device.c.o
LOAD CMakeFiles/pico_uart_bridge.dir/Users/cole/.pico-sdk/sdk/2.2.0/lib/tinyusb/src/class/msc/msc_device.c.o
LOAD CMakeFiles/pico_uart_bridge.dir/Users/cole/.pico-sdk/sdk/2.2.0/lib/tinyusb/src/class/net/ecm_rndis_device.c.o
LOAD CMakeFiles/pico_uart_bridge.dir/Users/cole/.pico-sdk/sdk/2.2.0/lib/tinyusb/src/class/net/ncm_device.c.o
LOAD CMakeFiles/pico_uart_bridge.dir/Users/cole/.pico-sdk/sdk/2.2.0/lib/tinyusb/src/class/usbtmc/usbtmc_device.c.o
LOAD CMakeFiles/pico_uart_bridge.dir/Users/cole/.pico-sdk/sdk/2.2.0/lib/tinyusb/src/class/vendor/vendor_device.c.o
LOAD CMakeFiles/pico_uart_bridge.dir/Users/cole/.pico-sdk/sdk/2.2.0/lib/tinyusb/src/class/video/video_device.c.o
LOAD CMakeFiles/pico_uart_bridge.dir/Users/cole/.pico-sdk/sdk/2.2.0/lib/tinyusb/src/tusb.c.o
LOAD CMakeFiles/pico_uart_bridge.dir/Users/cole/.pico-sdk/sdk/2.2.0/lib/tinyusb/src/common/tusb_fifo.c.o
LOAD CMakeFiles/pico_uart_bridge.dir/Users/cole/.pico-sdk/sdk/2.2.0/src/rp2_common/pico_fix/rp2040_usb_device_enumeration/rp2040_usb_device_enumeration.c.o
LOAD CMakeFiles/pico_uart_bridge.dir/Users/cole/.pico-sdk/sdk/2.2.0/lib/tinyusb/hw/bsp/rp2040/family.c.o
LOAD pico-sdk/src/rp2350/boot_stage2/CMakeFiles/bs2_default_library.dir/./bs2_default_padded_checksummed.S.o
LOAD /Users/cole/.pico-sdk/toolchain/14_2_Rel1/bin/../lib/gcc/arm-none-eabi/14.2.1/../../../../arm-none-eabi/lib/thumb/v8-m.main+fp/softfp/libstdc++.a
LOAD /Users/cole/.pico-sdk/toolchain/14_2_Rel1/bin/../lib/gcc/arm-none-eabi/14.2.1/../../../../arm-none-eabi/lib/thumb/v8-m.main+fp/softfp/libm.a
START GROUP
LOAD /Users/cole/.pico-sdk/toolchain/14_2_Rel1/bin/../lib/gcc/arm-none-eabi/14.2.1/thumb/v8-m.main+fp/softfp/libgcc.a
LOAD /Users/cole/.pico-sdk/toolchain/14_2_Rel1/bin/../lib/gcc/arm-none-eabi/14.2.1/../../../../arm-none-eabi/lib/thumb/v8-m.main+fp/softfp/libg.a
LOAD /Users/cole/.pico-sdk/toolchain/14_2_Rel1/bin/../lib/gcc/arm-none-eabi/14.2.1/../../../../arm-none-eabi/lib/thumb/v8-m.main+fp/softfp/libc.a
END GROUP
START GROUP
LOAD /Users/cole/.pico-sdk/toolchain/14_2_Rel1/bin/../lib/gcc/arm-none-eabi/14.2.1/thumb/v8-m.main+fp/softfp/libgcc.a
LOAD /Users/cole/.pico-sdk/toolchain/14_2_Rel1/bin/../lib/gcc/arm-none-eabi/14.2.1/../../../../arm-none-eabi/lib/thumb/v8-m.main+fp/softfp/libc.a
LOAD /Users/cole/.pico-sdk/toolchain/14_2_Rel1/bin/../lib/gcc/arm-none-eabi/14.2.1/../../../../arm-none-eabi/lib/thumb/v8-m.main+fp/softfp/libnosys.a
END GROUP
LOAD /Users/cole/.pico-sdk/toolchain/14_2_Rel1/bin/../lib/gcc/arm-none-eabi/14.2.1/thumb/v8-m.main+fp/softfp/crtend.o
LOAD /Users/cole/.pico-sdk/toolchain/14_2_Rel1/bin/../lib/gcc/arm-none-eabi/14.2.1/thumb/v8-m.main+fp/softfp/crtn.o
OUTPUT(pico_uart_bridge.elf elf32-littlearm)
LOAD linker stubs

.rel.dyn        0x100048c0        0x0
 .rel.iplt      0x100048c0        0x0 /Users/cole/.pico-sdk/toolchain/14_2_Rel1/bin/../lib/gcc/arm-none-eabi/14.2.1/thumb/v8-m.main+fp/softfp/crtbegin.o

.ARM.attributes
                0x00000000       0x34
 .ARM.attributes
                0x00000000       0x26 /Users/cole/.pico-sdk/toolchain/14_2_Rel1/bin/../lib/gcc/arm-none-eabi/14.2.1/thumb/v8-m.main+fp/softfp/crti.o
 .ARM.attributes
                0x00000026       0x36 /Users/cole/.pico-sdk/toolchain/14_2_Rel1/bin/../lib/gcc/arm-none-eabi/14.2.1/thumb/v8-m.main+fp/softfp/crtbegin.o
 .ARM.attributes
                0x0000005c       0x38 CMakeFiles/pico_uart_bridge.dir/main.c.o
 .ARM.attributes
                0x00000094       0x38 CMakeFiles/pico_uart_bridge.dir/usb_descriptors.c.o
 .ARM.attributes
                0x000000cc       0x38 CMakeFiles/pico_uart_bridge.dir/Users/cole/.pico-sdk/sdk/2.2.0/src/rp2_common/hardware_gpio/gpio.c.o
 .ARM.attributes
                0x00000104       0x38 CMakeFiles/pico_uart_bridge.dir/Users/cole/.pico-sdk/sdk/2.2.0/src/rp2_common/pico_platform_panic/panic.c.o
 .ARM.attributes
                0x0000013c       0x38 CMakeFiles/pico_uart_bridge.dir/Users/cole/.pico-sdk/sdk/2.2.0/src/common/hardware_claim/claim.c.o
 .ARM.attributes
                0x00000174       0x38 CMakeFiles/pico_uart_bridge.dir/Users/cole/.pico-sdk/sdk/2.2.0/src/rp2_common/hardware_sync/sync.c.o
 .ARM.attributes
                0x000001ac       0x38 CMakeFiles/pico_uart_bridge.dir/Users/cole/.pico-sdk/sdk/2.2.0/src/rp2_common/hardware_sync_spin_lock/sync_spin_lock.c.o
 .ARM.attributes
                0x000001e4       0x38 CMakeFiles/pico_uart_bridge.dir/Users/cole/.pico-sdk/sdk/2.2.0/src/rp2_common/hardware_irq/irq.c.o
 .ARM.attributes
                0x0000021c       0x28 CMakeFiles/pico_uart_bridge.dir/Users/cole/.pico-sdk/sdk/2.2.0/src/rp2_common/hardware_irq/irq_handler_chain.S.o
 .ARM.attributes
                0x00000244       0x38 CMakeFiles/pico_uart_bridge.dir/Users/cole/.pico-sdk/sdk/2.2.0/src/common/pico_sync/lock_core.c.o
 .ARM.attributes
                0x0000027c       0x38 CMakeFiles/pico_uart_bridge.dir/Users/cole/.pico-sdk/sdk/2.2.0/src/common/pico_sync/mutex.c.o
 .ARM.attributes
                0x000002b4       0x38 CMakeFiles/pico_uart_bridge.dir/Users/cole/.pico-sdk/sdk/2.2.0/src/common/pico_sync/critical_section.c.o
 .ARM.attributes
                0x000002ec       0x38 CMakeFiles/pico_uart_bridge.dir/Users/cole/.pico-sdk/sdk/2.2.0/src/common/pico_time/time.c.o
 .ARM.attributes
                0x00000324       0x38 CMakeFiles/pico_uart_bridge.dir/Users/cole/.pico-sdk/sdk/2.2.0/src/rp2_common/hardware_timer/timer.c.o
 .ARM.attributes
                0x0000035c       0x38 CMakeFiles/pico_uart_bridge.dir/Users/cole/.pico-sdk/sdk/2.2.0/src/rp2_common/hardware_uart/uart.c.o
 .ARM.attributes
                0x00000394       0x38 CMakeFiles/pico_uart_bridge.dir/Users/cole/.pico-sdk/sdk/2.2.0/src/rp2_common/hardware_clocks/clocks.c.o
 .ARM.attributes
                0x000003cc       0x38 CMakeFiles/pico_uart_bridge.dir/Users/cole/.pico-sdk/sdk/2.2.0/src/rp2_common/hardware_pll/pll.c.o
 .ARM.attributes
                0x00000404       0x38 CMakeFiles/pico_uart_bridge.dir/Users/cole/.pico-sdk/sdk/2.2.0/src/rp2_common/hardware_ticks/ticks.c.o
 .ARM.attributes
                0x0000043c       0x38 CMakeFiles/pico_uart_bridge.dir/Users/cole/.pico-sdk/sdk/2.2.0/src/rp2_common/pico_bootrom/bootrom.c.o
 .ARM.attributes
                0x00000474       0x38 CMakeFiles/pico_uart_bridge.dir/Users/cole/.pico-sdk/sdk/2.2.0/src/rp2_common/pico_bootrom/bootrom_lock.c.o
 .ARM.attributes
                0x000004ac       0x38 CMakeFiles/pico_uart_bridge.dir/Users/cole/.pico-sdk/sdk/2.2.0/src/rp2_common/hardware_boot_lock/boot_lock.c.o
 .ARM.attributes
                0x000004e4       0x38 CMakeFiles/pico_uart_bridge.dir/Users/cole/.pico-sdk/sdk/2.2.0/src/rp2_common/hardware_xosc/xosc.c.o
 .ARM.attributes
                0x0000051c       0x38 CMakeFiles/pico_uart_bridge.dir/Users/cole/.pico-sdk/sdk/2.2.0/src/rp2_common/pico_runtime/runtime.c.o
 .ARM.attributes
                0x00000554       0x38 CMakeFiles/pico_uart_bridge.dir/Users/cole/.pico-sdk/sdk/2.2.0/src/rp2_common/pico_runtime_init/runtime_init.c.o
 .ARM.attributes
                0x0000058c       0x38 CMakeFiles/pico_uart_bridge.dir/Users/cole/.pico-sdk/sdk/2.2.0/src/rp2_common/pico_runtime_init/runtime_init_clocks.c.o
 .ARM.attributes
                0x000005c4       0x38 CMakeFiles/pico_uart_bridge.dir/Users/cole/.pico-sdk/sdk/2.2.0/src/rp2_common/pico_standard_binary_info/standard_binary_info.c.o
 .ARM.attributes
                0x000005fc       0x38 CMakeFiles/pico_uart_bridge.dir/Users/cole/.pico-sdk/sdk/2.2.0/src/rp2_common/pico_printf/printf.c.o
 .ARM.attributes
                0x00000634       0x28 CMakeFiles/pico_uart_bridge.dir/Users/cole/.pico-sdk/sdk/2.2.0/src/rp2_common/pico_crt0/crt0.S.o
 .ARM.attributes
                0x0000065c       0x38 CMakeFiles/pico_uart_bridge.dir/Users/cole/.pico-sdk/sdk/2.2.0/src/rp2_common/pico_clib_interface/newlib_interface.c.o
 .ARM.attributes
                0x00000694       0x38 CMakeFiles/pico_uart_bridge.dir/Users/cole/.pico-sdk/sdk/2.2.0/src/rp2_common/pico_stdio/stdio.c.o
 .ARM.attributes
                0x000006cc       0x38 CMakeFiles/pico_uart_bridge.dir/Users/cole/.pico-sdk/sdk/2.2.0/src/rp2_common/pico_unique_id/unique_id.c.o
 .ARM.attributes
                0x00000704       0x38 CMakeFiles/pico_uart_bridge.dir/Users/cole/.pico-sdk/sdk/2.2.0/lib/tinyusb/src/portable/raspberrypi/rp2040/dcd_rp2040.c.o
 .ARM.attributes
                0x0000073c       0x38 CMakeFiles/pico_uart_bridge.dir/Users/cole/.pico-sdk/sdk/2.2.0/lib/tinyusb/src/portable/raspberrypi/rp2040/rp2040_usb.c.o
 .ARM.attributes
                0x00000774       0x38 CMakeFiles/pico_uart_bridge.dir/Users/cole/.pico-sdk/sdk/2.2.0/lib/tinyusb/src/device/usbd.c.o
 .ARM.attributes
                0x000007ac       0x38 CMakeFiles/pico_uart_bridge.dir/Users/cole/.pico-sdk/sdk/2.2.0/lib/tinyusb/src/device/usbd_control.c.o
 .ARM.attributes
                0x000007e4       0x38 CMakeFiles/pico_uart_bridge.dir/Users/cole/.pico-sdk/sdk/2.2.0/lib/tinyusb/src/class/cdc/cdc_device.c.o
 .ARM.attributes
                0x0000081c       0x38 CMakeFiles/pico_uart_bridge.dir/Users/cole/.pico-sdk/sdk/2.2.0/lib/tinyusb/src/tusb.c.o
 .ARM.attributes
                0x00000854       0x38 CMakeFiles/pico_uart_bridge.dir/Users/cole/.pico-sdk/sdk/2.2.0/lib/tinyusb/src/common/tusb_fifo.c.o
 .ARM.attributes
                0x0000088c       0x38 CMakeFiles/pico_uart_bridge.dir/Users/cole/.pico-sdk/sdk/2.2.0/lib/tinyusb/hw/bsp/rp2040/family.c.o
 .ARM.attributes
                0x000008c4       0x36 /Users/cole/.pico-sdk/toolchain/14_2_Rel1/bin/../lib/gcc/arm-none-eabi/14.2.1/../../../../arm-none-eabi/lib/thumb/v8-m.main+fp/softfp/libg.a(libc_a-memset.o)
 .ARM.attributes
                0x000008fa       0x24 /Users/cole/.pico-sdk/toolchain/14_2_Rel1/bin/../lib/gcc/arm-none-eabi/14.2.1/../../../../arm-none-eabi/lib/thumb/v8-m.main+fp/softfp/libg.a(libc_a-memcpy.o)
 .ARM.attributes
                0x0000091e       0x36 /Users/cole/.pico-sdk/toolchain/14_2_Rel1/bin/../lib/gcc/arm-none-eabi/14.2.1/../../../../arm-none-eabi/lib/thumb/v8-m.main+fp/softfp/libg.a(libc_a-strlen-stub.o)
 .ARM.attributes
                0x00000954       0x36 /Users/cole/.pico-sdk/toolchain/14_2_Rel1/bin/../lib/gcc/arm-none-eabi/14.2.1/thumb/v8-m.main+fp/softfp/crtend.o

.comment        0x00000000       0x45
 .comment       0x00000000       0x45 CMakeFiles/pico_uart_bridge.dir/main.c.o
                                 0x46 (size before relaxing)
 .comment       0x00000045       0x46 CMakeFiles/pico_uart_bridge.dir/usb_descriptors.c.o
 .comment       0x00000045       0x46 CMakeFiles/pico_uart_bridge.dir/Users/cole/.pico-sdk/sdk/2.2.0/src/rp2_common/hardware_gpio/gpio.c.o
 .comment       0x00000045       0x46 CMakeFiles/pico_uart_bridge.dir/Users/cole/.pico-sdk/sdk/2.2.0/src/rp2_common/pico_platform_panic/panic.c.o
 .comment       0x00000045       0x46 CMakeFiles/pico_uart_bridge.dir/Users/cole/.pico-sdk/sdk/2.2.0/src/common/hardware_claim/claim.c.o
 .comment       0x00000045       0x46 CMakeFiles/pico_uart_bridge.dir/Users/cole/.pico-sdk/sdk/2.2.0/src/rp2_common/hardware_sync/sync.c.o
 .comment       0x00000045       0x46 CMakeFiles/pico_uart_bridge.dir/Users/cole/.pico-sdk/sdk/2.2.0/src/rp2_common/hardware_sync_spin_lock/sync_spin_lock.c.o
 .comment       0x00000045       0x46 CMakeFiles/pico_uart_bridge.dir/Users/cole/.pico-sdk/sdk/2.2.0/src/rp2_common/hardware_irq/irq.c.o
 .comment       0x00000045       0x46 CMakeFiles/pico_uart_bridge.dir/Users/cole/.pico-sdk/sdk/2.2.0/src/common/pico_sync/lock_core.c.o
 .comment       0x00000045       0x46 CMakeFiles/pico_uart_bridge.dir/Users/cole/.pico-sdk/sdk/2.2.0/src/common/pico_sync/mutex.c.o
 .comment       0x00000045       0x46 CMakeFiles/pico_uart_bridge.dir/Users/cole/.pico-sdk/sdk/2.2.0/src/common/pico_sync/critical_section.c.o
 .comment       0x00000045       0x46 CMakeFiles/pico_uart_bridge.dir/Users/cole/.pico-sdk/sdk/2.2.0/src/common/pico_time/time.c.o
 .comment       0x00000045       0x46 CMakeFiles/pico_uart_bridge.dir/Users/cole/.pico-sdk/sdk/2.2.0/src/rp2_common/hardware_timer/timer.c.o
 .comment       0x00000045       0x46 CMakeFiles/pico_uart_bridge.dir/Users/cole/.pico-sdk/sdk/2.2.0/src/rp2_common/hardware_uart/uart.c.o
 .comment       0x00000045       0x46 CMakeFiles/pico_uart_bridge.dir/Users/cole/.pico-sdk/sdk/2.2.0/src/rp2_common/hardware_clocks/clocks.c.o
 .comment       0x00000045       0x46 CMakeFiles/pico_uart_bridge.dir/Users/cole/.pico-sdk/sdk/2.2.0/src/rp2_common/hardware_pll/pll.c.o
 .comment       0x00000045       0x46 CMakeFiles/pico_uart_bridge.dir/Users/cole/.pico-sdk/sdk/2.2.0/src/rp2_common/hardware_ticks/ticks.c.o
 .comment       0x00000045       0x46 CMakeFiles/pico_uart_bridge.dir/Users/cole/.pico-sdk/sdk/2.2.0/src/rp2_common/pico_bootrom/bootrom.c.o
 .comment       0x00000045       0x46 CMakeFiles/pico_uart_bridge.dir/Users/cole/.pico-sdk/sdk/2.2.0/src/rp2_common/pico_bootrom/bootrom_lock.c.o
 .comment       0x00000045       0x46 CMakeFiles/pico_uart_bridge.dir/Users/cole/.pico-sdk/sdk/2.2.0/src/rp2_common/hardware_boot_lock/boot_lock.c.o
 .comment       0x00000045       0x46 CMakeFiles/pico_uart_bridge.dir/Users/cole/.pico-sdk/sdk/2.2.0/src/rp2_common/hardware_xosc/xosc.c.o
 .comment       0x00000045       0x46 CMakeFiles/pico_uart_bridge.dir/Users/cole/.pico-sdk/sdk/2.2.0/src/rp2_common/pico_runtime/runtime.c.o
 .comment       0x00000045       0x46 CMakeFiles/pico_uart_bridge.dir/Users/cole/.pico-sdk/sdk/2.2.0/src/rp2_common/pico_runtime_init/runtime_init.c.o
 .comment       0x00000045       0x46 CMakeFiles/pico_uart_bridge.dir/Users/cole/.pico-sdk/sdk/2.2.0/src/rp2_common/pico_runtime_init/runtime_init_clocks.c.o
 .comment       0x00000045       0x46 CMakeFiles/pico_uart_bridge.dir/Users/cole/.pico-sdk/sdk/2.2.0/src/rp2_common/pico_standard_binary_info/standard_binary_info.c.o
 .comment       0x00000045       0x46 CMakeFiles/pico_uart_bridge.dir/Users/cole/.pico-sdk/sdk/2.2.0/src/rp2_common/pico_printf/printf.c.o
 .comment       0x00000045       0x46 CMakeFiles/pico_uart_bridge.dir/Users/cole/.pico-sdk/sdk/2.2.0/src/rp2_common/pico_clib_interface/newlib_interface.c.o
 .comment       0x00000045       0x46 CMakeFiles/pico_uart_bridge.dir/Users/cole/.pico-sdk/sdk/2.2.0/src/rp2_common/pico_stdio/stdio.c.o
 .comment       0x00000045       0x46 CMakeFiles/pico_uart_bridge.dir/Users/cole/.pico-sdk/sdk/2.2.0/src/rp2_common/pico_unique_id/unique_id.c.o
 .comment       0x00000045       0x46 CMakeFiles/pico_uart_bridge.dir/Users/cole/.pico-sdk/sdk/2.2.0/lib/tinyusb/src/portable/raspberrypi/rp2040/dcd_rp2040.c.o
 .comment       0x00000045       0x46 CMakeFiles/pico_uart_bridge.dir/Users/cole/.pico-sdk/sdk/2.2.0/lib/tinyusb/src/portable/raspberrypi/rp2040/rp2040_usb.c.o
 .comment       0x00000045       0x46 CMakeFiles/pico_uart_bridge.dir/Users/cole/.pico-sdk/sdk/2.2.0/lib/tinyusb/src/device/usbd.c.o
 .comment       0x00000045       0x46 CMakeFiles/pico_uart_bridge.dir/Users/cole/.pico-sdk/sdk/2.2.0/lib/tinyusb/src/device/usbd_control.c.o
 .comment       0x00000045       0x46 CMakeFiles/pico_uart_bridge.dir/Users/cole/.pico-sdk/sdk/2.2.0/lib/tinyusb/src/class/cdc/cdc_device.c.o
 .comment       0x00000045       0x46 CMakeFiles/pico_uart_bridge.dir/Users/cole/.pico-sdk/sdk/2.2.0/lib/tinyusb/src/tusb.c.o
 .comment       0x00000045       0x46 CMakeFiles/pico_uart_bridge.dir/Users/cole/.pico-sdk/sdk/2.2.0/lib/tinyusb/src/common/tusb_fifo.c.o
 .comment       0x00000045       0x46 CMakeFiles/pico_uart_bridge.dir/Users/cole/.pico-sdk/sdk/2.2.0/lib/tinyusb/hw/bsp/rp2040/family.c.o

.debug_info     0x00000000    0x31d9d
 .debug_info    0x00000000     0x1643 CMakeFiles/pico_uart_bridge.dir/main.c.o
 .debug_info    0x00001643      0x7c4 CMakeFiles/pico_uart_bridge.dir/usb_descriptors.c.o
 .debug_info    0x00001e07     0x2416 CMakeFiles/pico_uart_bridge.dir/Users/cole/.pico-sdk/sdk/2.2.0/src/rp2_common/hardware_gpio/gpio.c.o
 .debug_info    0x0000421d      0x1be CMakeFiles/pico_uart_bridge.dir/Users/cole/.pico-sdk/sdk/2.2.0/src/rp2_common/pico_platform_panic/panic.c.o
 .debug_info    0x000043db      0xb78 CMakeFiles/pico_uart_bridge.dir/Users/cole/.pico-sdk/sdk/2.2.0/src/common/hardware_claim/claim.c.o
 .debug_info    0x00004f53      0x46f CMakeFiles/pico_uart_bridge.dir/Users/cole/.pico-sdk/sdk/2.2.0/src/rp2_common/hardware_sync/sync.c.o
 .debug_info    0x000053c2     0x145e CMakeFiles/pico_uart_bridge.dir/Users/cole/.pico-sdk/sdk/2.2.0/src/rp2_common/hardware_sync_spin_lock/sync_spin_lock.c.o
 .debug_info    0x00006820     0x262d CMakeFiles/pico_uart_bridge.dir/Users/cole/.pico-sdk/sdk/2.2.0/src/rp2_common/hardware_irq/irq.c.o
 .debug_info    0x00008e4d      0x187 CMakeFiles/pico_uart_bridge.dir/Users/cole/.pico-sdk/sdk/2.2.0/src/common/pico_sync/lock_core.c.o
 .debug_info    0x00008fd4     0x1e7c CMakeFiles/pico_uart_bridge.dir/Users/cole/.pico-sdk/sdk/2.2.0/src/common/pico_sync/mutex.c.o
 .debug_info    0x0000ae50      0x389 CMakeFiles/pico_uart_bridge.dir/Users/cole/.pico-sdk/sdk/2.2.0/src/common/pico_sync/critical_section.c.o
 .debug_info    0x0000b1d9     0x5492 CMakeFiles/pico_uart_bridge.dir/Users/cole/.pico-sdk/sdk/2.2.0/src/common/pico_time/time.c.o
 .debug_info    0x0001066b     0x30c6 CMakeFiles/pico_uart_bridge.dir/Users/cole/.pico-sdk/sdk/2.2.0/src/rp2_common/hardware_timer/timer.c.o
 .debug_info    0x00013731     0x19a6 CMakeFiles/pico_uart_bridge.dir/Users/cole/.pico-sdk/sdk/2.2.0/src/rp2_common/hardware_uart/uart.c.o
 .debug_info    0x000150d7     0x28c2 CMakeFiles/pico_uart_bridge.dir/Users/cole/.pico-sdk/sdk/2.2.0/src/rp2_common/hardware_clocks/clocks.c.o
 .debug_info    0x00017999      0x507 CMakeFiles/pico_uart_bridge.dir/Users/cole/.pico-sdk/sdk/2.2.0/src/rp2_common/hardware_pll/pll.c.o
 .debug_info    0x00017ea0      0x26c CMakeFiles/pico_uart_bridge.dir/Users/cole/.pico-sdk/sdk/2.2.0/src/rp2_common/hardware_ticks/ticks.c.o
 .debug_info    0x0001810c     0x10ab CMakeFiles/pico_uart_bridge.dir/Users/cole/.pico-sdk/sdk/2.2.0/src/rp2_common/pico_bootrom/bootrom.c.o
 .debug_info    0x000191b7      0x1c4 CMakeFiles/pico_uart_bridge.dir/Users/cole/.pico-sdk/sdk/2.2.0/src/rp2_common/pico_bootrom/bootrom_lock.c.o
 .debug_info    0x0001937b      0x316 CMakeFiles/pico_uart_bridge.dir/Users/cole/.pico-sdk/sdk/2.2.0/src/rp2_common/hardware_boot_lock/boot_lock.c.o
 .debug_info    0x00019691      0x1b1 CMakeFiles/pico_uart_bridge.dir/Users/cole/.pico-sdk/sdk/2.2.0/src/rp2_common/hardware_xosc/xosc.c.o
 .debug_info    0x00019842      0x21a CMakeFiles/pico_uart_bridge.dir/Users/cole/.pico-sdk/sdk/2.2.0/src/rp2_common/pico_runtime/runtime.c.o
 .debug_info    0x00019a5c     0x1c34 CMakeFiles/pico_uart_bridge.dir/Users/cole/.pico-sdk/sdk/2.2.0/src/rp2_common/pico_runtime_init/runtime_init.c.o
 .debug_info    0x0001b690      0x7c9 CMakeFiles/pico_uart_bridge.dir/Users/cole/.pico-sdk/sdk/2.2.0/src/rp2_common/pico_runtime_init/runtime_init_clocks.c.o
 .debug_info    0x0001be59      0x2b8 CMakeFiles/pico_uart_bridge.dir/Users/cole/.pico-sdk/sdk/2.2.0/src/rp2_common/pico_standard_binary_info/standard_binary_info.c.o
 .debug_info    0x0001c111     0x22ff CMakeFiles/pico_uart_bridge.dir/Users/cole/.pico-sdk/sdk/2.2.0/src/rp2_common/pico_printf/printf.c.o
 .debug_info    0x0001e410       0x23 CMakeFiles/pico_uart_bridge.dir/Users/cole/.pico-sdk/sdk/2.2.0/src/rp2_common/pico_crt0/crt0.S.o